
AVRASM ver. 2.1.42  B:\Projekte\02 AVR CPM\avr\avrcpm.asm Sun Mar 03 17:56:06 2019


EQU  SIGNATURE_000 0000001e
EQU  SIGNATURE_001 00000095
EQU  SIGNATURE_002 0000000f
EQU  UDR0         000000c6
EQU  UBRR0L       000000c4
EQU  UBRR0H       000000c5
EQU  UCSR0C       000000c2
EQU  UCSR0B       000000c1
EQU  UCSR0A       000000c0
EQU  TWAMR        000000bd
EQU  TWCR         000000bc
EQU  TWDR         000000bb
EQU  TWAR         000000ba
EQU  TWSR         000000b9
EQU  TWBR         000000b8
EQU  ASSR         000000b6
EQU  OCR2B        000000b4
EQU  OCR2A        000000b3
EQU  TCNT2        000000b2
EQU  TCCR2B       000000b1
EQU  TCCR2A       000000b0
EQU  OCR1BL       0000008a
EQU  OCR1BH       0000008b
EQU  OCR1AL       00000088
EQU  OCR1AH       00000089
EQU  ICR1L        00000086
EQU  ICR1H        00000087
EQU  TCNT1L       00000084
EQU  TCNT1H       00000085
EQU  TCCR1C       00000082
EQU  TCCR1B       00000081
EQU  TCCR1A       00000080
EQU  DIDR1        0000007f
EQU  DIDR0        0000007e
EQU  ADMUX        0000007c
EQU  ADCSRB       0000007b
EQU  ADCSRA       0000007a
EQU  ADCH         00000079
EQU  ADCL         00000078
EQU  TIMSK2       00000070
EQU  TIMSK1       0000006f
EQU  TIMSK0       0000006e
EQU  PCMSK1       0000006c
EQU  PCMSK2       0000006d
EQU  PCMSK0       0000006b
EQU  EICRA        00000069
EQU  PCICR        00000068
EQU  OSCCAL       00000066
EQU  PRR          00000064
EQU  CLKPR        00000061
EQU  WDTCSR       00000060
EQU  SREG         0000003f
EQU  SPL          0000003d
EQU  SPH          0000003e
EQU  SPMCSR       00000037
EQU  MCUCR        00000035
EQU  MCUSR        00000034
EQU  SMCR         00000033
EQU  ACSR         00000030
EQU  SPDR         0000002e
EQU  SPSR         0000002d
EQU  SPCR         0000002c
EQU  GPIOR2       0000002b
EQU  GPIOR1       0000002a
EQU  OCR0B        00000028
EQU  OCR0A        00000027
EQU  TCNT0        00000026
EQU  TCCR0B       00000025
EQU  TCCR0A       00000024
EQU  GTCCR        00000023
EQU  EEARH        00000022
EQU  EEARL        00000021
EQU  EEDR         00000020
EQU  EECR         0000001f
EQU  GPIOR0       0000001e
EQU  EIMSK        0000001d
EQU  EIFR         0000001c
EQU  PCIFR        0000001b
EQU  TIFR2        00000017
EQU  TIFR1        00000016
EQU  TIFR0        00000015
EQU  PORTD        0000000b
EQU  DDRD         0000000a
EQU  PIND         00000009
EQU  PORTC        00000008
EQU  DDRC         00000007
EQU  PINC         00000006
EQU  PORTB        00000005
EQU  DDRB         00000004
EQU  PINB         00000003
EQU  UDR0_0       00000000
EQU  UDR0_1       00000001
EQU  UDR0_2       00000002
EQU  UDR0_3       00000003
EQU  UDR0_4       00000004
EQU  UDR0_5       00000005
EQU  UDR0_6       00000006
EQU  UDR0_7       00000007
EQU  MPCM0        00000000
EQU  U2X0         00000001
EQU  UPE0         00000002
EQU  DOR0         00000003
EQU  FE0          00000004
EQU  UDRE0        00000005
EQU  TXC0         00000006
EQU  RXC0         00000007
EQU  TXB80        00000000
EQU  RXB80        00000001
EQU  UCSZ02       00000002
EQU  TXEN0        00000003
EQU  RXEN0        00000004
EQU  UDRIE0       00000005
EQU  TXCIE0       00000006
EQU  RXCIE0       00000007
EQU  UCPOL0       00000000
EQU  UCSZ00       00000001
EQU  UCPHA0       00000001
EQU  UCSZ01       00000002
EQU  UDORD0       00000002
EQU  USBS0        00000003
EQU  UPM00        00000004
EQU  UPM01        00000005
EQU  UMSEL00      00000006
EQU  UMSEL0       00000006
EQU  UMSEL01      00000007
EQU  UMSEL1       00000007
EQU  UBRR8        00000000
EQU  UBRR9        00000001
EQU  UBRR10       00000002
EQU  UBRR11       00000003
EQU  _UBRR0       00000000
EQU  _UBRR1       00000001
EQU  UBRR2        00000002
EQU  UBRR3        00000003
EQU  UBRR4        00000004
EQU  UBRR5        00000005
EQU  UBRR6        00000006
EQU  UBRR7        00000007
EQU  TWAM0        00000001
EQU  TWAMR0       00000001
EQU  TWAM1        00000002
EQU  TWAMR1       00000002
EQU  TWAM2        00000003
EQU  TWAMR2       00000003
EQU  TWAM3        00000004
EQU  TWAMR3       00000004
EQU  TWAM4        00000005
EQU  TWAMR4       00000005
EQU  TWAM5        00000006
EQU  TWAMR5       00000006
EQU  TWAM6        00000007
EQU  TWAMR6       00000007
EQU  TWBR0        00000000
EQU  TWBR1        00000001
EQU  TWBR2        00000002
EQU  TWBR3        00000003
EQU  TWBR4        00000004
EQU  TWBR5        00000005
EQU  TWBR6        00000006
EQU  TWBR7        00000007
EQU  TWIE         00000000
EQU  TWEN         00000002
EQU  TWWC         00000003
EQU  TWSTO        00000004
EQU  TWSTA        00000005
EQU  TWEA         00000006
EQU  TWINT        00000007
EQU  TWPS0        00000000
EQU  TWPS1        00000001
EQU  TWS3         00000003
EQU  TWS4         00000004
EQU  TWS5         00000005
EQU  TWS6         00000006
EQU  TWS7         00000007
EQU  TWD0         00000000
EQU  TWD1         00000001
EQU  TWD2         00000002
EQU  TWD3         00000003
EQU  TWD4         00000004
EQU  TWD5         00000005
EQU  TWD6         00000006
EQU  TWD7         00000007
EQU  TWGCE        00000000
EQU  TWA0         00000001
EQU  TWA1         00000002
EQU  TWA2         00000003
EQU  TWA3         00000004
EQU  TWA4         00000005
EQU  TWA5         00000006
EQU  TWA6         00000007
EQU  TOIE1        00000000
EQU  OCIE1A       00000001
EQU  OCIE1B       00000002
EQU  ICIE1        00000005
EQU  TOV1         00000000
EQU  OCF1A        00000001
EQU  OCF1B        00000002
EQU  ICF1         00000005
EQU  WGM10        00000000
EQU  WGM11        00000001
EQU  COM1B0       00000004
EQU  COM1B1       00000005
EQU  COM1A0       00000006
EQU  COM1A1       00000007
EQU  CS10         00000000
EQU  CS11         00000001
EQU  CS12         00000002
EQU  WGM12        00000003
EQU  WGM13        00000004
EQU  ICES1        00000006
EQU  ICNC1        00000007
EQU  FOC1B        00000006
EQU  FOC1A        00000007
EQU  PSRSYNC      00000000
EQU  TSM          00000007
EQU  TOIE2        00000000
EQU  TOIE2A       00000000
EQU  OCIE2A       00000001
EQU  OCIE2B       00000002
EQU  TOV2         00000000
EQU  OCF2A        00000001
EQU  OCF2B        00000002
EQU  WGM20        00000000
EQU  WGM21        00000001
EQU  COM2B0       00000004
EQU  COM2B1       00000005
EQU  COM2A0       00000006
EQU  COM2A1       00000007
EQU  CS20         00000000
EQU  CS21         00000001
EQU  CS22         00000002
EQU  WGM22        00000003
EQU  FOC2B        00000006
EQU  FOC2A        00000007
EQU  TCNT2_0      00000000
EQU  TCNT2_1      00000001
EQU  TCNT2_2      00000002
EQU  TCNT2_3      00000003
EQU  TCNT2_4      00000004
EQU  TCNT2_5      00000005
EQU  TCNT2_6      00000006
EQU  TCNT2_7      00000007
EQU  OCR2A_0      00000000
EQU  OCR2A_1      00000001
EQU  OCR2A_2      00000002
EQU  OCR2A_3      00000003
EQU  OCR2A_4      00000004
EQU  OCR2A_5      00000005
EQU  OCR2A_6      00000006
EQU  OCR2A_7      00000007
EQU  OCR2B_0      00000000
EQU  OCR2B_1      00000001
EQU  OCR2B_2      00000002
EQU  OCR2B_3      00000003
EQU  OCR2B_4      00000004
EQU  OCR2B_5      00000005
EQU  OCR2B_6      00000006
EQU  OCR2B_7      00000007
EQU  TCR2BUB      00000000
EQU  TCR2AUB      00000001
EQU  OCR2BUB      00000002
EQU  OCR2AUB      00000003
EQU  TCN2UB       00000004
EQU  AS2          00000005
EQU  EXCLK        00000006
EQU  PSRASY       00000001
EQU  PSR2         00000001
EQU  MUX0         00000000
EQU  MUX1         00000001
EQU  MUX2         00000002
EQU  MUX3         00000003
EQU  ADLAR        00000005
EQU  REFS0        00000006
EQU  REFS1        00000007
EQU  ADPS0        00000000
EQU  ADPS1        00000001
EQU  ADPS2        00000002
EQU  ADIE         00000003
EQU  ADIF         00000004
EQU  ADATE        00000005
EQU  ADSC         00000006
EQU  ADEN         00000007
EQU  ADTS0        00000000
EQU  ADTS1        00000001
EQU  ADTS2        00000002
EQU  ACME         00000006
EQU  ADCH0        00000000
EQU  ADCH1        00000001
EQU  ADCH2        00000002
EQU  ADCH3        00000003
EQU  ADCH4        00000004
EQU  ADCH5        00000005
EQU  ADCH6        00000006
EQU  ADCH7        00000007
EQU  ADCL0        00000000
EQU  ADCL1        00000001
EQU  ADCL2        00000002
EQU  ADCL3        00000003
EQU  ADCL4        00000004
EQU  ADCL5        00000005
EQU  ADCL6        00000006
EQU  ADCL7        00000007
EQU  ADC0D        00000000
EQU  ADC1D        00000001
EQU  ADC2D        00000002
EQU  ADC3D        00000003
EQU  ADC4D        00000004
EQU  ADC5D        00000005
EQU  ACIS0        00000000
EQU  ACIS1        00000001
EQU  ACIC         00000002
EQU  ACIE         00000003
EQU  ACI          00000004
EQU  ACO          00000005
EQU  ACBG         00000006
EQU  ACD          00000007
EQU  AIN0D        00000000
EQU  AIN1D        00000001
EQU  PORTB0       00000000
EQU  PB0          00000000
EQU  PORTB1       00000001
EQU  PB1          00000001
EQU  PORTB2       00000002
EQU  PB2          00000002
EQU  PORTB3       00000003
EQU  PB3          00000003
EQU  PORTB4       00000004
EQU  PB4          00000004
EQU  PORTB5       00000005
EQU  PB5          00000005
EQU  PORTB6       00000006
EQU  PB6          00000006
EQU  PORTB7       00000007
EQU  PB7          00000007
EQU  DDB0         00000000
EQU  DDB1         00000001
EQU  DDB2         00000002
EQU  DDB3         00000003
EQU  DDB4         00000004
EQU  DDB5         00000005
EQU  DDB6         00000006
EQU  DDB7         00000007
EQU  PINB0        00000000
EQU  PINB1        00000001
EQU  PINB2        00000002
EQU  PINB3        00000003
EQU  PINB4        00000004
EQU  PINB5        00000005
EQU  PINB6        00000006
EQU  PINB7        00000007
EQU  PORTC0       00000000
EQU  PC0          00000000
EQU  PORTC1       00000001
EQU  PC1          00000001
EQU  PORTC2       00000002
EQU  PC2          00000002
EQU  PORTC3       00000003
EQU  PC3          00000003
EQU  PORTC4       00000004
EQU  PC4          00000004
EQU  PORTC5       00000005
EQU  PC5          00000005
EQU  PORTC6       00000006
EQU  PC6          00000006
EQU  DDC0         00000000
EQU  DDC1         00000001
EQU  DDC2         00000002
EQU  DDC3         00000003
EQU  DDC4         00000004
EQU  DDC5         00000005
EQU  DDC6         00000006
EQU  PINC0        00000000
EQU  PINC1        00000001
EQU  PINC2        00000002
EQU  PINC3        00000003
EQU  PINC4        00000004
EQU  PINC5        00000005
EQU  PINC6        00000006
EQU  PORTD0       00000000
EQU  PD0          00000000
EQU  PORTD1       00000001
EQU  PD1          00000001
EQU  PORTD2       00000002
EQU  PD2          00000002
EQU  PORTD3       00000003
EQU  PD3          00000003
EQU  PORTD4       00000004
EQU  PD4          00000004
EQU  PORTD5       00000005
EQU  PD5          00000005
EQU  PORTD6       00000006
EQU  PD6          00000006
EQU  PORTD7       00000007
EQU  PD7          00000007
EQU  DDD0         00000000
EQU  DDD1         00000001
EQU  DDD2         00000002
EQU  DDD3         00000003
EQU  DDD4         00000004
EQU  DDD5         00000005
EQU  DDD6         00000006
EQU  DDD7         00000007
EQU  PIND0        00000000
EQU  PIND1        00000001
EQU  PIND2        00000002
EQU  PIND3        00000003
EQU  PIND4        00000004
EQU  PIND5        00000005
EQU  PIND6        00000006
EQU  PIND7        00000007
EQU  TOIE0        00000000
EQU  OCIE0A       00000001
EQU  OCIE0B       00000002
EQU  TOV0         00000000
EQU  OCF0A        00000001
EQU  OCF0B        00000002
EQU  WGM00        00000000
EQU  WGM01        00000001
EQU  COM0B0       00000004
EQU  COM0B1       00000005
EQU  COM0A0       00000006
EQU  COM0A1       00000007
EQU  CS00         00000000
EQU  CS01         00000001
EQU  CS02         00000002
EQU  WGM02        00000003
EQU  FOC0B        00000006
EQU  FOC0A        00000007
EQU  TCNT0_0      00000000
EQU  TCNT0_1      00000001
EQU  TCNT0_2      00000002
EQU  TCNT0_3      00000003
EQU  TCNT0_4      00000004
EQU  TCNT0_5      00000005
EQU  TCNT0_6      00000006
EQU  TCNT0_7      00000007
EQU  OCR0A_0      00000000
EQU  OCR0A_1      00000001
EQU  OCR0A_2      00000002
EQU  OCR0A_3      00000003
EQU  OCR0A_4      00000004
EQU  OCR0A_5      00000005
EQU  OCR0A_6      00000006
EQU  OCR0A_7      00000007
EQU  OCR0B_0      00000000
EQU  OCR0B_1      00000001
EQU  OCR0B_2      00000002
EQU  OCR0B_3      00000003
EQU  OCR0B_4      00000004
EQU  OCR0B_5      00000005
EQU  OCR0B_6      00000006
EQU  OCR0B_7      00000007
EQU  PSR10        00000000
EQU  ISC00        00000000
EQU  ISC01        00000001
EQU  ISC10        00000002
EQU  ISC11        00000003
EQU  INT0         00000000
EQU  INT1         00000001
EQU  INTF0        00000000
EQU  INTF1        00000001
EQU  PCIE0        00000000
EQU  PCIE1        00000001
EQU  PCIE2        00000002
EQU  PCINT16      00000000
EQU  PCINT17      00000001
EQU  PCINT18      00000002
EQU  PCINT19      00000003
EQU  PCINT20      00000004
EQU  PCINT21      00000005
EQU  PCINT22      00000006
EQU  PCINT23      00000007
EQU  PCINT8       00000000
EQU  PCINT9       00000001
EQU  PCINT10      00000002
EQU  PCINT11      00000003
EQU  PCINT12      00000004
EQU  PCINT13      00000005
EQU  PCINT14      00000006
EQU  PCINT0       00000000
EQU  PCINT1       00000001
EQU  PCINT2       00000002
EQU  PCINT3       00000003
EQU  PCINT4       00000004
EQU  PCINT5       00000005
EQU  PCINT6       00000006
EQU  PCINT7       00000007
EQU  PCIF0        00000000
EQU  PCIF1        00000001
EQU  PCIF2        00000002
EQU  SPDR0        00000000
EQU  SPDR1        00000001
EQU  SPDR2        00000002
EQU  SPDR3        00000003
EQU  SPDR4        00000004
EQU  SPDR5        00000005
EQU  SPDR6        00000006
EQU  SPDR7        00000007
EQU  SPI2X        00000000
EQU  WCOL         00000006
EQU  SPIF         00000007
EQU  SPR0         00000000
EQU  SPR1         00000001
EQU  CPHA         00000002
EQU  CPOL         00000003
EQU  MSTR         00000004
EQU  DORD         00000005
EQU  SPE          00000006
EQU  SPIE         00000007
EQU  WDP0         00000000
EQU  WDP1         00000001
EQU  WDP2         00000002
EQU  WDE          00000003
EQU  WDCE         00000004
EQU  WDP3         00000005
EQU  WDIE         00000006
EQU  WDIF         00000007
EQU  SREG_C       00000000
EQU  SREG_Z       00000001
EQU  SREG_N       00000002
EQU  SREG_V       00000003
EQU  SREG_S       00000004
EQU  SREG_H       00000005
EQU  SREG_T       00000006
EQU  SREG_I       00000007
EQU  CAL0         00000000
EQU  CAL1         00000001
EQU  CAL2         00000002
EQU  CAL3         00000003
EQU  CAL4         00000004
EQU  CAL5         00000005
EQU  CAL6         00000006
EQU  CAL7         00000007
EQU  CLKPS0       00000000
EQU  CLKPS1       00000001
EQU  CLKPS2       00000002
EQU  CLKPS3       00000003
EQU  CLKPCE       00000007
EQU  SELFPRGEN    00000000
EQU  PGERS        00000001
EQU  PGWRT        00000002
EQU  BLBSET       00000003
EQU  RWWSRE       00000004
EQU  RWWSB        00000006
EQU  SPMIE        00000007
EQU  IVCE         00000000
EQU  IVSEL        00000001
EQU  PUD          00000004
EQU  BODSE        00000005
EQU  BODS         00000006
EQU  PORF         00000000
EQU  EXTRF        00000001
EQU  EXTREF       00000001
EQU  BORF         00000002
EQU  WDRF         00000003
EQU  SE           00000000
EQU  SM0          00000001
EQU  SM1          00000002
EQU  SM2          00000003
EQU  GPIOR20      00000000
EQU  GPIOR21      00000001
EQU  GPIOR22      00000002
EQU  GPIOR23      00000003
EQU  GPIOR24      00000004
EQU  GPIOR25      00000005
EQU  GPIOR26      00000006
EQU  GPIOR27      00000007
EQU  GPIOR10      00000000
EQU  GPIOR11      00000001
EQU  GPIOR12      00000002
EQU  GPIOR13      00000003
EQU  GPIOR14      00000004
EQU  GPIOR15      00000005
EQU  GPIOR16      00000006
EQU  GPIOR17      00000007
EQU  GPIOR00      00000000
EQU  GPIOR01      00000001
EQU  GPIOR02      00000002
EQU  GPIOR03      00000003
EQU  GPIOR04      00000004
EQU  GPIOR05      00000005
EQU  GPIOR06      00000006
EQU  GPIOR07      00000007
EQU  PRADC        00000000
EQU  PRUSART0     00000001
EQU  PRSPI        00000002
EQU  PRTIM1       00000003
EQU  PRTIM0       00000005
EQU  PRTIM2       00000006
EQU  PRTWI        00000007
EQU  EEAR0        00000000
EQU  EEAR1        00000001
EQU  EEAR2        00000002
EQU  EEAR3        00000003
EQU  EEAR4        00000004
EQU  EEAR5        00000005
EQU  EEAR6        00000006
EQU  EEAR7        00000007
EQU  EEAR8        00000000
EQU  EEAR9        00000001
EQU  EEDR0        00000000
EQU  EEDR1        00000001
EQU  EEDR2        00000002
EQU  EEDR3        00000003
EQU  EEDR4        00000004
EQU  EEDR5        00000005
EQU  EEDR6        00000006
EQU  EEDR7        00000007
EQU  EERE         00000000
EQU  EEPE         00000001
EQU  EEMPE        00000002
EQU  EERIE        00000003
EQU  EEPM0        00000004
EQU  EEPM1        00000005
EQU  LB1          00000000
EQU  LB2          00000001
EQU  BLB01        00000002
EQU  BLB02        00000003
EQU  BLB11        00000004
EQU  BLB12        00000005
EQU  CKSEL0       00000000
EQU  CKSEL1       00000001
EQU  CKSEL2       00000002
EQU  CKSEL3       00000003
EQU  SUT0         00000004
EQU  SUT1         00000005
EQU  CKOUT        00000006
EQU  CKDIV8       00000007
EQU  BOOTRST      00000000
EQU  BOOTSZ0      00000001
EQU  BOOTSZ1      00000002
EQU  EESAVE       00000003
EQU  WDTON        00000004
EQU  SPIEN        00000005
EQU  DWEN         00000006
EQU  RSTDISBL     00000007
EQU  BODLEVEL0    00000000
EQU  BODLEVEL1    00000001
EQU  BODLEVEL2    00000002
DEF  XH           r27
DEF  XL           r26
DEF  YH           r29
DEF  YL           r28
DEF  ZH           r31
DEF  ZL           r30
EQU  FLASHEND     00003fff
EQU  IOEND        000000ff
EQU  SRAM_START   00000100
EQU  SRAM_SIZE    00000800
EQU  RAMEND       000008ff
EQU  XRAMEND      00000000
EQU  E2END        000003ff
EQU  EEPROMEND    000003ff
EQU  EEADRBITS    0000000a
EQU  NRWW_START_ADDR 00003800
EQU  NRWW_STOP_ADDR 00003fff
EQU  RWW_START_ADDR 00000000
EQU  RWW_STOP_ADDR 000037ff
EQU  PAGESIZE     00000040
EQU  FIRSTBOOTSTART 00003f00
EQU  SECONDBOOTSTART 00003e00
EQU  THIRDBOOTSTART 00003c00
EQU  FOURTHBOOTSTART 00003800
EQU  SMALLBOOTSTART 00003f00
EQU  LARGEBOOTSTART 00003800
EQU  INT0addr     00000002
EQU  INT1addr     00000004
EQU  PCI0addr     00000006
EQU  PCI1addr     00000008
EQU  PCI2addr     0000000a
EQU  WDTaddr      0000000c
EQU  OC2Aaddr     0000000e
EQU  OC2Baddr     00000010
EQU  OVF2addr     00000012
EQU  ICP1addr     00000014
EQU  OC1Aaddr     00000016
EQU  OC1Baddr     00000018
EQU  OVF1addr     0000001a
EQU  OC0Aaddr     0000001c
EQU  OC0Baddr     0000001e
EQU  OVF0addr     00000020
EQU  SPIaddr      00000022
EQU  URXCaddr     00000024
EQU  UDREaddr     00000026
EQU  UTXCaddr     00000028
EQU  ADCCaddr     0000002a
EQU  ERDYaddr     0000002c
EQU  ACIaddr      0000002e
EQU  TWIaddr      00000030
EQU  SPMRaddr     00000032
EQU  INT_VECTORS_SIZE 00000034
EQU  BOOTWAIT     00000001
EQU  MEMTEST      00000001
EQU  MEMFILL      00000001
EQU  SRAM_FILL    00000001
EQU  MMC_DEBUG    00000000
EQU  MMC_DEBUG_RDW 00000000
EQU  DSKSEL_DEBUG 00000000
EQU  DISK_DEBUG   00000000
EQU  HOSTRW_DEBUG 00000000
EQU  FAT16_DEBUG  00000000
EQU  FAT16_DBG_FAT 00000000
EQU  HEAP_DEBUG   00000000
EQU  PORT_DEBUG   00000000
EQU  INS_DEBUG    00000000
EQU  STACK_DBG    00000000
EQU  PRINT_PC     00000000
EQU  TIMER_DEBUG  00000000
EQU  I2C_STATE_DEBUG 00000000
EQU  MEMDUMP_DEBUG 00000001
EQU  TXBUFSIZE    00000080
EQU  FAT16_FATBUF 00000001
EQU  RAM_D0       00000000
EQU  RAM_D1       00000001
EQU  RAM_D2       00000002
EQU  RAM_D3       00000003
EQU  RAM_D4       00000004
EQU  RAM_D5       00000005
EQU  RAM_D6       00000006
EQU  RAM_D7       00000007
EQU  RAM_A0       00000000
EQU  RAM_A1       00000001
EQU  RAM_A2       00000002
EQU  RAM_A3       00000003
EQU  RAM_A4       00000004
EQU  RAM_A5       00000005
EQU  RAM_A6       00000006
EQU  RAM_A7       00000007
EQU  MMC_MOSI     00000003
EQU  MMC_MISO     00000004
EQU  MMC_SCK      00000005
EQU  RAM_A8       00000003
EQU  RAM_A9       00000004
EQU  RAM_A10      00000005
EQU  RXD          00000000
EQU  TXD          00000001
EQU  MMC_CS       00000002
EQU  P_MMC_CS     00000005
EQU  P_A8         00000005
EQU  P_RXD        00000005
EQU  P_TXD        00000005
EQU  RAM_RAS      00000000
EQU  RAM_CAS      00000001
EQU  RAM_OE       00000002
EQU  RAM_W        00000003
EQU  SDA          00000004
EQU  SCL          00000005
EQU  P_RAS        00000008
EQU  P_CAS        00000008
EQU  P_OE         00000008
EQU  P_W          00000008
EQU  P_I2C        00000008
DEF  _tmp0        r0
DEF  _tmp1        r1
DEF  _RAS0        r2
DEF  _CAS0        r3
DEF  _OE          r4
DEF  _WE          r5
DEF  _255         r6
DEF  _0           r7
DEF  z_c          r8
DEF  z_b          r9
DEF  z_bcl        r8
DEF  z_bch        r9
DEF  z_e          r10
DEF  z_d          r11
DEF  z_del        r10
DEF  z_deh        r11
DEF  z_l          r12
DEF  z_h          r13
DEF  z_hll        r12
DEF  z_hlh        r13
DEF  z_spl        r14
DEF  z_sph        r15
DEF  temp         r16
DEF  temp2        r17
DEF  temp3        r18
DEF  intstat      r19
DEF  z_flags      r20
DEF  z_a          r21
DEF  opl          r22
DEF  oph          r23
DEF  z_pcl        r24
DEF  z_pch        r25
EQU  i_break      00000000
EQU  i_trace      00000001
EQU  i_halt       00000002
EQU  flags        0000001e
EQU  P_PUD        00000035
EQU  hostact      00000007
EQU  hostwrt      00000006
EQU  rsflag       00000005
EQU  readop       00000004
EQU  prefixfd     00000001
EQU  RXTXDR0      000000c6
CSEG start        00000349
SET  dist_        00002347
DSEG srx_state    00000100
DSEG srx_char_to  00000101
DSEG srx_char_time 00000102
DSEG srx_dr       00000103
DSEG srx_lastedge 00000104
DSEG stx_bitcount 00000106
DSEG stx_dr       00000107
DSEG rxcount      00000108
DSEG rxidx_w      00000109
DSEG rxidx_r      0000010a
DSEG txcount      0000010b
DSEG txidx_w      0000010c
DSEG txidx_r      0000010d
DSEG rxfifo       0000010e
DSEG txfifo       0000018e
CSEG uart_init    00000034
SET  pos_         00002356
CSEG srxi_S1      00000076
CSEG srxi_end     0000010d
CSEG srxi_S2      000000b1
CSEG srxi_sberr   000000a1
CSEG srxi_1l      00000086
CSEG srxi_1be     0000009b
CSEG srxi_1fe     0000008f
CSEG srxi_complete0 000000f7
CSEG uartputc     000001a3
CSEG printhex     00000212
CSEG srxi_S3      000000d5
CSEG srxi_2l      000000c1
CSEG srxi_complete1 000000cd
CSEG srxi_complete 000000fb
CSEG srxi_S4      000000f0
CSEG srxi_3l      000000e5
CSEG srxi_ov      0000010d
CSEG stxi_nextbit 00000148
CSEG stxi_nxtchar 00000126
CSEG stxi_dis     00000141
CSEG stxi_ex      00000152
CSEG srx_to       00000159
CSEG srxto_store  00000168
CSEG srxto_ov     00000181
CSEG srxto_l      0000016b
CSEG uartgetc     00000183
CSEG ugetc_w      00000186
CSEG ugetc_fin    00000199
CSEG sputc_l      000001a8
CSEG sputc_e      000001d2
CSEG uart_wait_empty 000001d7
CSEG uwe_loop     000001d8
CSEG print_ultoa  000001de
CSEG ultoa1       000001e6
CSEG ultoa2       000001e8
CSEG ultoa3       000001f1
CSEG ultoa5       000001fd
CSEG ultoa6       00000202
CSEG printhexw    0000020e
CSEG printhexn    00000215
CSEG printhexn_isno 0000021a
CSEG printspace   0000021e
CSEG printstr     00000223
CSEG printstr_loop 0000022e
CSEG printstr_end 00000237
CSEG strncmp_p    00000242
CSEG strncmp_peq  0000024a
CSEG strncmp_pex  0000024b
CSEG memcmp_d     0000024c
CSEG dram_read_pp 00000803
CSEG memcmpd_nomatch 00000252
CSEG stackusage_print 00000253
DSEG ramtop       0000070d
CSEG stack_search_l 00000258
CSEG stack_search_found 0000025e
CSEG dbg_hexdump_line 00000277
CSEG dbg_hdl1     0000027e
CSEG dbg_hdl2     0000028a
CSEG dbg_hdlpd    0000028f
CSEG dbg_hdlp     00000290
CSEG dbg_hexdump  0000029a
CSEG dbg_hd1      000002a2
CSEG dbg_hd2      000002ac
CSEG dbg_hdpd     000002b1
CSEG dbg_hdp      000002b2
CSEG printregs    000002b9
CSEG printflags   0000032f
CSEG dram_read    000007e7
EQU  oz_f2        00000006
EQU  oz_a2        00000007
EQU  oz_b2        00000001
EQU  oz_c2        00000000
EQU  oz_d2        00000003
EQU  oz_e2        00000002
EQU  oz_h2        00000005
EQU  oz_l2        00000004
EQU  oz_xh        00000009
EQU  oz_xl        00000008
EQU  oz_yh        0000000b
EQU  oz_yl        0000000a
EQU  oz_i         0000000c
CSEG zflags_to_ch 0000032a
CSEG pr_zfl_next  00000337
CSEG pr_zfl_end   00000341
CSEG pr_zfl_noflag 0000033f
CSEG regval_tab   00000345
CSEG regval_tab_e 00000349
CSEG cp_l         00000351
CSEG clr_loop     00000370
CSEG fill_loop    00000376
CSEG i2c_init     0000086f
CSEG rtc_get      00000565
CSEG delay_ms     000004ec
CSEG version_string 000003a2
CSEG ramtestw     000003bf
CSEG dram_write_pp 00000809
CSEG ramtestwl    000003c9
CSEG ramtestr     000003d6
CSEG ramtestrok   00000401
CSEG ramtestr1    000003e6
CSEG printxbits   0000040f
CSEG ramtestrex   00000403
CSEG ramtestend   0000041d
CSEG halted_loop  0000040e
CSEG prntxb0      00000413
CSEG prntxb1      00000417
CSEG ramfillw     00000420
CSEG boot_again   00000422
CSEG mgr_init_partitions 00000b5c
CSEG boot_ipl2    00000458
CSEG boot_iplwl   00000453
CSEG mgr_prnt_parttbl 00000bb4
CSEG dsk_inval_hostbuf 00000de6
DSEG fsys_vars    00000495
EQU  o_seekdsk    00000009
EQU  o_seektrk    0000000a
EQU  o_seeksec    0000000c
EQU  o_dmaadr     0000000e
CSEG dskDoIt      00000dc3
CSEG z80_init     00000ed5
DSEG timer_var    0000020e
DSEG delay_timer1 0000020e
EQU  ot_timer1    00000000
DSEG delay_timer2 0000020f
EQU  ot_timer2    00000001
DSEG timer_base   00000210
DSEG timer_ms     00000210
EQU  ot_ms        00000002
DSEG timer_sec    00000212
EQU  ot_sec       00000004
DSEG cntms_out    00000216
DSEG utime_io     00000218
DSEG cnt_1ms      0000021c
EQU  ot_1ms       0000000e
DSEG uptime       0000021e
EQU  ot_uptime    00000010
DSEG timer_top    00000222
EQU  timer_size   00000012
EQU  utofs        00000006
EQU  timerofs     0000000c
DSEG clk_out      00000222
EQU  oclk_out     00000014
DSEG clock        00000229
EQU  o_clock      0000001b
EQU  clkofs       00000007
CSEG syscl0       00000490
CSEG syscl_t1n    00000494
CSEG syscl_t2n    00000498
CSEG syscl_end    000004df
CSEG syscl_utime  000004a1
CSEG syscl_clk    000004ae
CSEG syscl_clk_date 000004bf
CSEG dayspm_tab   000004e6
CSEG syscl_clknl  000004cd
CSEG syscl_clke   000004de
CSEG dly_loop     000004ee
CSEG clockget     000004f3
CSEG clkget_copy  000004fb
CSEG clkget_end   000004fa
CSEG clkget_l     000004fd
CSEG binbcd4      00000537
CSEG clkget_l2    00000508
CSEG binbcd2      0000052c
CSEG clockput     00000510
CSEG clkput_copy  00000518
CSEG clkput_end   00000517
CSEG clkput_l2    00000519
CSEG bcdbin2      0000054f
CSEG bcdbin4      0000055a
CSEG clkput_l     00000525
CSEG rtc_set      000005a6
CSEG tobcd_l      0000052f
CSEG binbcd4l     0000053b
CSEG binbcd4e     0000054e
CSEG i2c_write    00000890
CSEG i2c_read     000008ac
CSEG rtc_get_e    0000059f
CSEG rtc_get_1    00000588
CSEG utimeget     000005e0
CSEG utimget_end  000005e9
CSEG utimget_copy 000005ea
CSEG utimget_l    000005ec
CSEG utimeput     000005f4
CSEG utput__1     00000602
CSEG timer_start  00000613
CSEG utput_quit   00000600
CSEG timer_print  0000061d
CSEG utcp_ex      000005ff
CSEG uptime_print 0000065d
CSEG utput__copy  00000609
CSEG utput__l     0000060d
CSEG ts_loop      00000617
CSEG tp_s         0000062e
DSEG hp_top       00000230
CSEG heap_init    00000681
CSEG heap_release 00000681
CSEG heap_get     00000686
CSEG hp_full      00000695
CSEG hp_get_ex    00000697
DSEG mmcStat      00000232
DSEG mmcCardType  00000233
CSEG mul_yx_512   0000069a
CSEG spi_rcvr     000006a2
CSEG spi_rcvr_l   000006a3
CSEG spi_xmit     000006a8
CSEG spi_wait     000006a9
CSEG mmcWaitReady 000006ad
CSEG mmc_wrl      000006b0
CSEG mmc_wrl1     000006b2
CSEG mmc_wrl2     000006b7
CSEG mmc_wrbreak  000006bd
CSEG mmcDeselect  000006c0
CSEG mmcSelect    000006c4
CSEG mmcCmd       000006c9
CSEG mmc_cmddo    000006de
CSEG mmc_cmd_p    000006e3
CSEG mmc_cmdexit  00000701
CSEG mmc_cmdxcrc  000006f6
CSEG mmc_cmdres   000006fa
CSEG mmc_cmdrl    000006fc
CSEG mmcCmd_ocr   00000704
CSEG mmc_cocr_e   0000070e
CSEG mmc_cocr1    0000070a
CSEG mmc_timeout_1s 0000070f
CSEG mmc_ttex     00000718
CSEG mmcInit      00000719
CSEG mmci_lp      00000722
CSEG mmci_1       0000072e
CSEG mmci_lend    00000768
CSEG mmci_sdv1    00000751
CSEG mmci_v2l2    00000743
CSEG mmci_ccc     00000748
CSEG mmci_sdv2end 00000750
CSEG mmci_mmcv3   0000075b
CSEG mmci_v1_l    0000075d
CSEG mmci_v1_2    00000762
CSEG mmci_lex     00000772
EQU  MMC_RDOP     00000000
EQU  MMC_RDWORD   00000001
CSEG mmcReadSect  00000774
CSEG mmc_rw_common 00000779
CSEG mmcReadWord  00000776
CSEG mmcWriteSect 00000778
CSEG mmc_rwexit_2 000007e4
CSEG mmc_rw_1     0000078f
CSEG mmc_rwexit_error 000007e1
CSEG mmc_wroper   000007cd
CSEG mmc_rcv_wl   00000796
CSEG mmc_rcv_start 0000079d
CSEG mmc_rw_2     000007a0
CSEG mmc_rcv_readloop 000007bf
CSEG mmc_rcvw_rl  000007a4
CSEG mmc_rcv_rlend 000007c9
CSEG mmc_rcvw_sto 000007b0
SET  spiwl_       000007d2
CSEG mmc_rcvw_rl2 000007b7
CSEG mmc_rcv_rle  000007c8
CSEG mmc_rwexit   000007e2
CSEG mmc_x_loop   000007d1
CSEG dram_write   000007f3
CSEG dram_readw_pp 000007fb
CSEG dram_writew_pp 00000806
DSEG i2c_var      00000234
DSEG i2ci_idx     00000234
DSEG i2c_result   00000235
DSEG i2c_txcnt    00000236
DSEG i2c_rxcnt    00000237
DSEG i2c_buf      00000238
EQU  oi2ci_idx    00000000
EQU  oi2c_result  00000001
EQU  oi2c_txcnt   00000002
EQU  oi2c_rxcnt   00000003
EQU  oi2c_buf     00000004
CSEG i2ci_START   0000082b
CSEG i2ci_REP_START 0000082a
CSEG i2ci_MTX_ADR_ACK 0000082e
CSEG i2ci_MTX_DATA_ACK 00000830
CSEG i2ci_MTX_DATA_NACK 0000083c
CSEG i2ci_MRX_ADR_ACK 00000846
CSEG i2ci_MRX_DATA_ACK 00000848
CSEG i2ci_MRX_DATA_NACK 00000858
CSEG i2ci_default 0000085f
CSEG i2ci_11      00000831
CSEG i2ci_12      0000083c
CSEG i2ci_end     00000861
CSEG i2ci_31      0000084f
CSEG i2ci_32      00000856
CSEG i2c_iwl      00000872
CSEG i2c_waitready 0000087d
CSEG i2c_wrl      00000880
CSEG i2c_wre      0000088a
CSEG i2c_we       000008ab
CSEG i2c_wl       0000089f
CSEG i2c_wle      000008a4
CSEG i2c_re       000008cb
CSEG i2c_ex       000008c7
CSEG i2c_rl       000008c3
CSEG i2c_write_read 000008ce
CSEG i2c_wr_e     000008fd
CSEG i2c_wr_wl    000008e0
CSEG i2c_wr_wle   000008e5
CSEG i2c_wr_ex    000008f9
CSEG i2c_wr_rl    000008f5
DSEG vi2c_stat    0000027a
DSEG vi2c_blen    0000027b
DSEG vi2c_addr    0000027c
CSEG vi2c_stat_get 00000900
CSEG vi2c_param_get 00000903
CSEG vi2c_pg2     00000908
CSEG vi2c_pge     0000090d
CSEG vi2c_param_set 0000090e
CSEG vi2c_write   00000914
CSEG vi2c_wex     00000930
CSEG vi2c_w1      00000920
CSEG vi2c_wl      00000928
CSEG vi2c_wle     0000092d
CSEG vi2c_read    00000931
CSEG vi2c_rex     00000951
CSEG vi2c_r1      0000093d
CSEG vi2c_rl      0000094d
CSEG vi2c_write_read 00000952
CSEG vi2c_wr_ex   00000982
CSEG vi2c_wr_w1   0000095f
CSEG vi2c_wr_wl   00000967
CSEG vi2c_wr_wle  0000096c
CSEG vi2c_wr_rl0  00000980
CSEG vi2c_wr_rl   0000097e
CSEG vi2c_ctrl    00000983
CSEG vi2c_c1      00000986
CSEG vi2c_c2      00000989
CSEG vi2c_c3      0000098d
CSEG vi2c_ce      0000098d
CSEG pcf8574_in   0000098e
CSEG pcf8574_out  0000099a
CSEG SC16IS740_in 000009a6
CSEG SC16IS740_out 000009b3
CSEG MCP23017_in  000009c2
CSEG MCP23017_out 000009cd
CSEG cpm_lba_to_phys 000009da
EQU  PTAB_START   00000001
CSEG cpm_add_partition 000009e3
EQU  dskType_CPM  00000010
CSEG cpm_add_prune 000009f6
CSEG cpm_add_e    000009f8
DSEG fat_vars     0000027e
DSEG fat_partfound 0000027e
DSEG fat_parttbl  0000027f
DSEG fat_clustersize 00000283
DSEG fat_ptr2fat  00000284
DSEG fat_ptr2dat  00000288
DSEG fat_last_dsk 0000028c
DSEG fat_log_clust 0000028d
DSEG fat_clust_offset 0000028f
DSEG fat_clust_ptr 00000290
EQU  o_fat_partfound 00000000
EQU  o_fat_parttbl 00000001
EQU  o_fat_clustersize 00000005
EQU  o_fat_ptr2fat 00000006
EQU  o_fat_ptr2dat 0000000a
EQU  o_fat_last_dsk 0000000e
EQU  o_fat_log_clust 0000000f
EQU  o_fat_clust_offset 00000011
EQU  o_fat_clust_ptr 00000012
DSEG fat_last_fatsect 00000294
EQU  o_fat_last_fatsect 00000016
DSEG fat_buf      00000295
CSEG fat_cfname   000009f9
CSEG fat_cfext    000009fd
CSEG fat_init_partitiontable 000009ff
CSEG fat_reset_cache 00000a07
CSEG fat_add_partition 00000a0e
CSEG fat_scan_partition 00000a1a
CSEG fat_scan_error 00000a2d
DSEG ndisks       0000049b
EQU  MAXDISKS     00000008
DSEG hostbuf      000004f9
CSEG fat_bootblock_check 00000a2f
CSEG fat_calc_dp_loop 00000a56
CSEG fat_calc_dp_lend 00000a5e
CSEG fat_next_sector_loop 00000a67
CSEG fat_look_for_images 00000a7a
CSEG fat_look_for_loop 00000a7c
CSEG fat_look_continue 00000a94
CSEG fat_look_imgname_loop 00000a8c
CSEG fat_look_imgname_match 00000a92
CSEG fat_store_new_entry 00000a9c
EQU  HOSTSIZE     00000200
CSEG fat_scan_next_sector 00000a99
DSEG hostparttbl  000004b1
CSEG fat_st_searchpos 00000a9e
EQU  PTAB_TYPE    00000000
CSEG fat_st_insert_slot 00000ab5
EQU  dskType_FAT  00000020
CSEG fat_st_search_next 00000aa6
CSEG fat_st_ins_before 00000aac
EQU  PARTENTRY_SIZE 00000009
DSEG hostparttbltop 000004f9
CSEG fat_st_insert_mkslotloop 00000aaf
CSEG fat_add_noprune 00000acf
EQU  PTAB_SIZE    00000005
CSEG fat_add_nomore 00000ad8
CSEG fat_gethostsec 00000ad9
CSEG fat_c2s_loop 00000ade
CSEG fat_c2s_end  00000ae6
CSEG fat_find_phsy_clust 00000af0
DSEG hostdsk      000004ae
CSEG dsk_getpartentry 00000c43
CSEG fat_next_phsy_clust 00000af5
CSEG fat_found_phsy_clust 00000b1e
CSEG fat_phys_1   00000b12
CSEG fat_lba_to_phys 00000b1f
CSEG fat_search_clst_lp 00000b26
CSEG fat_found_clst 00000b2e
CSEG fat_search_clst_lp2 00000b31
CSEG fat_found_subsec 00000b36
CSEG fat_wrong_cache_clst 00000b49
CSEG fat_add_offset 00000b52
CSEG rdsk_read    00000b59
CSEG rdsk_write   00000b5a
CSEG rdsk_add_partition 00000b5b
CSEG mgr_picl     00000b61
CSEG mgr_pierr    00000b6f
CSEG mgr_check_bootsektor 00000b71
CSEG mgr_search   00000b8b
CSEG dpb_imgdata_get 00000d1e
CSEG mgr_pend     00000ba8
CSEG mgr_ploop    00000b8d
CSEG mgr_nextp    00000b97
CSEG mgr_ploop2   00000b9c
CSEG mgr_fatfound 00000ba1
CSEG mgr_nextp2   00000ba5
CSEG mgr_imgd_lp  00000ba9
CSEG mgr_pend2    00000bb0
CSEG ppr_doit     00000bb9
CSEG pprl         00000bbe
EQU  dskType_MASK 000000f0
CSEG mgr_prchkcpm 00000bcf
CSEG mgr_prnt_diskname 00000bf6
CSEG mgr_prnt_image 00000c0d
CSEG mgr_prnt_size 00000bda
CSEG mgr_prtb_nocpm 00000bd4
CSEG mgr_prnt_table_cpm 00000c00
CSEG mgr_prtb_nofat 00000bd9
CSEG mgr_prnt_table_fat 00000c1d
CSEG mgr_prnt_table_err 00000c36
CSEG mgr_goto_next_part 00000bef
CSEG mgr_pppre    00000bf3
EQU  PTAB_SPT     00000007
EQU  PTAB_BSH     00000008
EQU  dskType_None 00000000
EQU  HOSTBLK      00000004
EQU  SECMSK       00000003
EQU  SECSHF       00000002
EQU  WRALL        00000000
EQU  WRDIR        00000001
EQU  WRUAL        00000002
EQU  WRTMSK       00000003
DSEG biosdrvtbl   00000495
DSEG biosdirbuf   00000497
DSEG biosenddat   00000499
EQU  o_ndisks     00000006
DSEG biospar_base 0000049c
DSEG bcbadr       0000049c
DSEG seekdsk      0000049e
DSEG seektrk      0000049f
DSEG seeksec      000004a1
DSEG dmaadr       000004a3
EQU  o_bcbadr     00000007
DSEG hdrsize      000004a5
DSEG cpmspt       000004a6
DSEG secpblk      000004a7
DSEG unacnt       000004a8
DSEG unadsk       000004a9
DSEG unalba       000004aa
EQU  o_hdrsize    00000010
EQU  o_cpmspt     00000011
EQU  o_secpblk    00000012
EQU  o_unacnt     00000013
EQU  o_unadsk     00000014
EQU  o_unalba     00000015
DSEG erflag       000004ac
DSEG wrtype       000004ad
EQU  o_erflag     00000017
EQU  o_wrtype     00000018
DSEG hostlba      000004af
EQU  o_hostdsk    00000019
EQU  o_hostlba    0000001a
CSEG dsk_param_getadr 00000c4a
CSEG dsk_param_set 00000c4f
CSEG SetBCB       00000c59
CSEG dsk_param_get 00000c54
CSEG dskDiskCheck 00000c65
CSEG sbcb_l       00000c5f
CSEG dpb_drvtblclear 00000cad
CSEG dsk_dchrd    00000c80
CSEG dsk_dchpart1 00000c74
CSEG dsk_dchpart0 00000c71
CSEG dsk_dch_err  00000c7e
CSEG dpb_drvtbl_entry_get 00000cab
CSEG dsk_dchend   00000c7d
CSEG dpb_biosdph_get 00000d62
CSEG dsk_dchrd_err 00000c80
CSEG dskErrorRet  00000c82
CSEG str_CPM_Disk 00000c85
CSEG dpbdat_avrcpm 00000c8b
CSEG dpbdat_myz80 00000c93
CSEG dpbdat_simhd 00000c9b
CSEG dpb_drvtbl_entry_p 00000ca3
CSEG dpb_drvi_ex  00000cc1
CSEG dpb_drvi_1   00000cb3
CSEG dpb_drvi_lp  00000cb4
CSEG dsk_tst_avrcpmhd 00000cc3
CSEG dsk_tst_yaze 00000cc5
CSEG dsk_tyze_not 00000cd4
CSEG dsk_tst_myz80 00000cd6
CSEG dsk_tmyz80_not 00000ceb
CSEG dsk_tmyz80_loop 00000ce1
CSEG dsk_tst_simhd 00000ced
CSEG dsk_tsimhd_not 00000d0c
CSEG dsk_tsimhd_found 00000d07
CSEG dsk_tsimhd_loop 00000d01
CSEG dsk_format_get 00000d0e
CSEG dsk_readhost_lba 00000e79
CSEG dsk_imgt_done 00000d1d
CSEG dpb_imgd_err 00000d56
CSEG dpb_imgd_0   00000d20
CSEG dpb_imgd_variable 00000d26
CSEG dpb_imgd_fixed 00000d21
CSEG dpb_imgd_common 00000d2a
CSEG dpb_imgd_1   00000d58
CSEG dsk_imgprp_err 00000d2f
CSEG dpb_di_0     00000d66
CSEG dpb_di_err   00000db2
CSEG dpb_di_1     00000d6b
CSEG dpb_di_err_p1 00000db0
CSEG dpb_dicpl    00000d7e
CSEG dpb_dicks_variable 00000d94
CSEG dpb_dicks_fixed 00000d8d
CSEG dpb_dicks_common 00000d98
CSEG dpb_dicks0   00000d9d
CSEG dsk_setdrvparam 00000db4
CSEG dsk_sdrvpl   00000dbe
CSEG dsk_readwrite 00000dec
CSEG dsk_home     00000de9
CSEG dsk_boot     00000de5
CSEG haltinv      0000101f
CSEG dsk_write    00000dfb
CSEG dsk_rw       00000dfe
CSEG dsk_sh1      00000e11
CSEG dsk_rwoper   00000e41
CSEG dsk_chkuna   00000e28
CSEG dsk_una1     00000e23
CSEG dsk_alloc    00000e3f
CSEG dsk_noovf    00000e3e
CSEG dsk_rw_hostbuf 00000e7f
CSEG dsk_rmove    00000e63
CSEG dsk_wmove    00000e53
CSEG dsk_rwmfin   00000e6e
CSEG dsk_wdir     00000e72
CSEG dsk_wdir1    00000e76
CSEG dsk_writehost 00000ea0
CSEG dsk_filhst   00000e97
CSEG dsk_nomatch  00000e8e
CSEG dsk_match    00000e9f
CSEG dsk_readhost 00000ead
CSEG dsk_hostparam 00000eba
CSEG dsk_hstwr_err 00000eaa
CSEG dsk_hstwr_ok 00000ea7
CSEG dsk_hstrd_err 00000eb7
CSEG dsk_hstrd_ok 00000eb4
CSEG dsk_hst_param_err 00000ed3
CSEG dsk_hstpar_nofat 00000ecc
CSEG dsk_hstpar_gotit 00000ed1
CSEG dsk_hstpar_nocpm 00000ed0
DSEG z_regs       000006f9
DSEG z_c2         000006f9
DSEG z_b2         000006fa
DSEG z_e2         000006fb
DSEG z_d2         000006fc
DSEG z_l2         000006fd
DSEG z_h2         000006fe
DSEG z_f2         000006ff
DSEG z_a2         00000700
DSEG z_xl         00000701
DSEG z_xh         00000702
DSEG z_yl         00000703
DSEG z_yh         00000704
DSEG z_i          00000705
DSEG z_r          00000706
EQU  oz_r         0000000d
DSEG z_istat      00000707
EQU  oz_istat     0000000e
EQU  IM_MASK      00000003
EQU  IM0          00000000
EQU  IM1          00000001
EQU  IM2          00000002
EQU  IFF1         00000002
EQU  IFF2         00000003
CSEG main         00000eed
CSEG int_test     00000efe
CSEG int_instr    00000eef
EQU  opcjmp       00001300
CSEG int_notrace  00000f08
CSEG int_nobreak  00000f1b
CSEG do_x_nop     00000f1c
CSEG fetch_ops    00000f1d
EQU  do_fetch_nop 00000f1c
CSEG do_fetch_rst 00000f1d
EQU  do_fetch_a   00000000
EQU  do_fetch_b   00000000
EQU  do_fetch_c   00000000
EQU  do_fetch_d   00000000
EQU  do_fetch_e   00000000
EQU  do_fetch_h   00000000
EQU  do_fetch_l   00000000
EQU  do_fetch_af  00000000
EQU  do_fetch_bc  00000000
EQU  do_fetch_de  00000000
EQU  do_fetch_hl  00000000
EQU  do_fetch_sp  00000000
CSEG do_fetch_mbc 00000f2d
CSEG do_fetch_mde 00000f39
CSEG do_fetch_mhl 00000f45
CSEG do_fetch_msp 00000f51
CSEG do_fetch_dir8 00000f6a
CSEG do_fetch_dir16 00000f77
CSEG store_ops    00000f90
EQU  do_store_nop 00000f1c
CSEG do_store_a   00000f90
CSEG do_store_b   00000f92
CSEG do_store_c   00000f94
CSEG do_store_d   00000f96
CSEG do_store_e   00000f98
CSEG do_store_h   00000f9a
CSEG do_store_l   00000f9c
CSEG do_store_af  00000f9e
CSEG do_store_bc  00000fa0
CSEG do_store_de  00000fa2
CSEG do_store_hl  00000fa4
CSEG do_store_mbc 00000fa6
CSEG do_store_mde 00000fae
CSEG do_store_mhl 00000fb6
CSEG do_store_msp 00000fbe
CSEG do_store_sp  00000fcf
CSEG do_store_pc  00000fd1
CSEG do_store_pcrel 00000fd3
CSEG stpcr1       00000fd7
CSEG do_store_ret 00000fda
CSEG do_store_call 00000ff5
CSEG do_store_am  00001009
EQU  ZFL_S        00000007
EQU  ZFL_Z        00000006
EQU  ZFL_H        00000004
EQU  ZFL_P        00000002
EQU  ZFL_N        00000001
EQU  ZFL_C        00000000
EQU  AVR_T        00000006
EQU  AVR_H        00000005
EQU  AVR_S        00000004
EQU  AVR_V        00000003
EQU  AVR_N        00000002
EQU  AVR_Z        00000001
EQU  AVR_C        00000000
EQU  do_op_nop    00000f1c
CSEG do_op_inv    00001011
CSEG do_op_HALT   00001020
CSEG do_op_outa   00001030
CSEG portWrite    000022b5
CSEG do_op_ina    00001035
CSEG portRead     000022b7
CSEG do_op_inc    0000103a
CSEG do_op_inca   00001046
CSEG do_op_dec    00001052
CSEG do_op_deca   0000105e
CSEG do_op_inc16  0000106a
CSEG do_op_incHL  0000106d
CSEG do_op_incDE  00001070
CSEG do_op_incBC  00001073
CSEG do_op_dec16  00001076
CSEG do_op_decHL  00001079
CSEG do_op_decDE  0000107c
CSEG do_op_decBC  0000107f
CSEG do_op_rlca   00001082
CSEG do_op_rlc_noc 00001088
CSEG do_op_rrca   00001089
CSEG do_op_rrc_noc 0000108f
CSEG do_op_rra    00001090
CSEG do_op_rla    00001098
CSEG do_op_adda   000010a0
CSEG sz53p_tab    00002200
CSEG do_op_adca   000010ac
CSEG do_op_subfa  000010bb
CSEG do_op_cpfa   000010c8
CSEG do_op_sbcfa  000010d6
CSEG do_op_anda   000010e6
CSEG do_op_ora    000010ec
CSEG do_op_xora   000010f1
CSEG do_op_addhl  000010f6
CSEG do_op_sthl   000010ff
CSEG do_op_rmem16 00001110
CSEG do_op_rmem8  00001129
CSEG do_op_DAA    00001135
CSEG op_da_sub    00001159
CSEG op_da_add    00001138
CSEG op_da_a10    00001146
CSEG op_da_a02    00001143
CSEG op_da_a03    00001145
CSEG op_da_ae     00001153
CSEG op_da_a12    0000114a
CSEG op_da_a13    0000114c
CSEG op_da_s10    00001166
CSEG op_da_s02    00001163
CSEG op_da_s03    00001165
CSEG op_da_se     00001174
CSEG op_da_s12    0000116a
CSEG op_da_s13    0000116c
CSEG do_op_scf    0000117a
CSEG do_op_ccf    0000117d
CSEG do_op_cpl    00001183
CSEG do_op_push16 00001186
CSEG do_op_pop16  00001199
CSEG do_op_exhl   000011b4
CSEG do_op_DI     000011b8
CSEG do_op_EI     000011bc
CSEG do_op_ifnz   000011c0
CSEG do_op_ifz    000011c5
CSEG do_op_ifnc   000011ca
CSEG do_op_ifc    000011cf
CSEG do_op_ifpo   000011d4
CSEG do_op_ifpe   000011d9
CSEG do_op_ifp    000011de
CSEG do_op_ifm    000011e3
CSEG do_op_DJNZ   000011e8
CSEG do_op_DJNZ_Z 000011ef
CSEG do_op_EXAF   000011f0
CSEG do_op_EXX    000011f7
CSEG do_op_prefixED 00001207
EQU  EDjmp        00002000
CSEG do_op_prefixDD 00001215
EQU  DDFDjmp      00001700
CSEG do_op_prefixFD 00001224
CSEG do_op_prefixCB 00001233
EQU  CBjmp        00001900
CSEG do_op_prefixDDFDCB 00001241
CSEG opprxcb_fd   00001246
CSEG opprxcb_1    00001248
EQU  DDFDCBjmp    00001d00
SET  opcjmp_table_pos_ 00002100
SET  opc_tabnext_ 00002100
SET  opc_tablow_0 00000000
SET  opc_tablen_0 00000000
SET  opc_tablow_1 00000000
SET  opc_tablen_1 00000000
SET  fetch_       00000000
SET  op_          00000000
SET  store_       00000000
SET  cnt_         00000000
SET  done_        00000001
SET  pc_save_     0000215f
SET  action_1_    00001ff2
EQU  l_fetch_DIR16_op_nop_store_BC 0000127b
EQU  l_fetch_B_op_INC_store_B 0000127d
EQU  l_fetch_B_op_DEC_store_B 00001280
EQU  l_fetch_DIR8_op_nop_store_B 00001283
EQU  l_fetch_BC_op_ADDHL_store_nop 00001285
EQU  l_fetch_C_op_INC_store_C 00001287
EQU  l_fetch_C_op_DEC_store_C 0000128a
EQU  l_fetch_DIR8_op_nop_store_C 0000128d
EQU  l_fetch_DIR8_op_DJNZ_store_nop 0000128f
EQU  l_fetch_DIR16_op_nop_store_DE 00001291
EQU  l_fetch_D_op_INC_store_D 00001293
EQU  l_fetch_D_op_DEC_store_D 00001296
EQU  l_fetch_DIR8_op_nop_store_D 00001299
EQU  l_fetch_DIR8_op_nop_store_pcrel 0000129b
EQU  l_fetch_DE_op_ADDHL_store_nop 0000129d
EQU  l_fetch_E_op_INC_store_E 0000129f
EQU  l_fetch_E_op_DEC_store_E 000012a2
EQU  l_fetch_DIR8_op_nop_store_E 000012a5
EQU  l_fetch_DIR8_op_IFNZ_store_pcrel 000012a7
EQU  l_fetch_DIR16_op_nop_store_HL 000012aa
EQU  l_fetch_DIR16_op_STHL_store_nop 000012ac
EQU  l_fetch_H_op_INC_store_H 000012ae
EQU  l_fetch_H_op_DEC_store_H 000012b1
EQU  l_fetch_DIR8_op_nop_store_H 000012b4
EQU  l_fetch_A_op_DAA_store_A 000012b6
EQU  l_fetch_DIR8_op_IFZ_store_pcrel 000012b9
EQU  l_fetch_HL_op_ADDHL_store_nop 000012bc
EQU  l_fetch_DIR16_op_RMEM16_store_HL 000012be
EQU  l_fetch_L_op_INC_store_L 000012c1
EQU  l_fetch_L_op_DEC_store_L 000012c4
EQU  l_fetch_DIR8_op_nop_store_L 000012c7
EQU  l_fetch_DIR8_op_IFNC_store_pcrel 000012c9
EQU  l_fetch_DIR16_op_nop_store_SP 000012cc
EQU  l_fetch_DIR16_op_nop_store_AM 000012ce
EQU  l_fetch_SP_op_INC16_store_SP 000012d0
EQU  l_fetch_MHL_op_INC_store_MHL 000012d3
EQU  l_fetch_MHL_op_DEC_store_MHL 000012d6
EQU  l_fetch_DIR8_op_nop_store_MHL 000012d9
EQU  l_fetch_DIR8_op_IFC_store_pcrel 000012db
EQU  l_fetch_SP_op_ADDHL_store_nop 000012de
EQU  l_fetch_DIR16_op_RMEM8_store_A 000012e0
EQU  l_fetch_SP_op_DEC16_store_SP 000012e3
EQU  l_fetch_DIR8_op_nop_store_A 000012e6
EQU  l_fetch_C_op_nop_store_B 000012e8
EQU  l_fetch_D_op_nop_store_B 000012ea
EQU  l_fetch_E_op_nop_store_B 000012ec
EQU  l_fetch_H_op_nop_store_B 000012ee
EQU  l_fetch_L_op_nop_store_B 000012f0
EQU  l_fetch_MHL_op_nop_store_B 000012f2
EQU  l_fetch_A_op_nop_store_B 000012f4
EQU  l_fetch_B_op_nop_store_C 000012f6
EQU  l_fetch_D_op_nop_store_C 000012f8
EQU  l_fetch_E_op_nop_store_C 000012fa
EQU  l_fetch_H_op_nop_store_C 000012fc
EQU  l_fetch_L_op_nop_store_C 00001400
EQU  l_fetch_MHL_op_nop_store_C 00001402
EQU  l_fetch_A_op_nop_store_C 00001404
EQU  l_fetch_B_op_nop_store_D 00001406
EQU  l_fetch_C_op_nop_store_D 00001408
EQU  l_fetch_E_op_nop_store_D 0000140a
EQU  l_fetch_H_op_nop_store_D 0000140c
EQU  l_fetch_L_op_nop_store_D 0000140e
EQU  l_fetch_MHL_op_nop_store_D 00001410
EQU  l_fetch_A_op_nop_store_D 00001412
EQU  l_fetch_B_op_nop_store_E 00001414
EQU  l_fetch_C_op_nop_store_E 00001416
EQU  l_fetch_D_op_nop_store_E 00001418
EQU  l_fetch_H_op_nop_store_E 0000141a
EQU  l_fetch_L_op_nop_store_E 0000141c
EQU  l_fetch_MHL_op_nop_store_E 0000141e
EQU  l_fetch_A_op_nop_store_E 00001420
EQU  l_fetch_B_op_nop_store_H 00001422
EQU  l_fetch_C_op_nop_store_H 00001424
EQU  l_fetch_D_op_nop_store_H 00001426
EQU  l_fetch_E_op_nop_store_H 00001428
EQU  l_fetch_L_op_nop_store_H 0000142a
EQU  l_fetch_MHL_op_nop_store_H 0000142c
EQU  l_fetch_A_op_nop_store_H 0000142e
EQU  l_fetch_B_op_nop_store_L 00001430
EQU  l_fetch_C_op_nop_store_L 00001432
EQU  l_fetch_D_op_nop_store_L 00001434
EQU  l_fetch_E_op_nop_store_L 00001436
EQU  l_fetch_H_op_nop_store_L 00001438
EQU  l_fetch_MHL_op_nop_store_L 0000143a
EQU  l_fetch_A_op_nop_store_L 0000143c
EQU  l_fetch_B_op_nop_store_MHL 0000143e
EQU  l_fetch_C_op_nop_store_MHL 00001440
EQU  l_fetch_D_op_nop_store_MHL 00001442
EQU  l_fetch_E_op_nop_store_MHL 00001444
EQU  l_fetch_H_op_nop_store_MHL 00001446
EQU  l_fetch_L_op_nop_store_MHL 00001448
EQU  l_fetch_A_op_nop_store_MHL 0000144a
EQU  l_fetch_B_op_nop_store_A 0000144c
EQU  l_fetch_C_op_nop_store_A 0000144e
EQU  l_fetch_D_op_nop_store_A 00001450
EQU  l_fetch_E_op_nop_store_A 00001452
EQU  l_fetch_H_op_nop_store_A 00001454
EQU  l_fetch_L_op_nop_store_A 00001456
EQU  l_fetch_MHL_op_nop_store_A 00001458
EQU  l_fetch_B_op_ADDA_store_nop 0000145a
EQU  l_fetch_C_op_ADDA_store_nop 0000145c
EQU  l_fetch_D_op_ADDA_store_nop 0000145e
EQU  l_fetch_E_op_ADDA_store_nop 00001460
EQU  l_fetch_H_op_ADDA_store_nop 00001462
EQU  l_fetch_L_op_ADDA_store_nop 00001464
EQU  l_fetch_MHL_op_ADDA_store_nop 00001466
EQU  l_fetch_A_op_ADDA_store_nop 00001468
EQU  l_fetch_B_op_ADCA_store_nop 0000146a
EQU  l_fetch_C_op_ADCA_store_nop 0000146c
EQU  l_fetch_D_op_ADCA_store_nop 0000146e
EQU  l_fetch_E_op_ADCA_store_nop 00001470
EQU  l_fetch_H_op_ADCA_store_nop 00001472
EQU  l_fetch_L_op_ADCA_store_nop 00001474
EQU  l_fetch_MHL_op_ADCA_store_nop 00001476
EQU  l_fetch_A_op_ADCA_store_nop 00001478
EQU  l_fetch_B_op_SUBFA_store_nop 0000147a
EQU  l_fetch_C_op_SUBFA_store_nop 0000147c
EQU  l_fetch_D_op_SUBFA_store_nop 0000147e
EQU  l_fetch_E_op_SUBFA_store_nop 00001480
EQU  l_fetch_H_op_SUBFA_store_nop 00001482
EQU  l_fetch_L_op_SUBFA_store_nop 00001484
EQU  l_fetch_MHL_op_SUBFA_store_nop 00001486
EQU  l_fetch_A_op_SUBFA_store_nop 00001488
EQU  l_fetch_B_op_SBCFA_store_nop 0000148a
EQU  l_fetch_C_op_SBCFA_store_nop 0000148c
EQU  l_fetch_D_op_SBCFA_store_nop 0000148e
EQU  l_fetch_E_op_SBCFA_store_nop 00001490
EQU  l_fetch_H_op_SBCFA_store_nop 00001492
EQU  l_fetch_L_op_SBCFA_store_nop 00001494
EQU  l_fetch_MHL_op_SBCFA_store_nop 00001496
EQU  l_fetch_A_op_SBCFA_store_nop 00001498
EQU  l_fetch_B_op_ANDA_store_nop 0000149a
EQU  l_fetch_C_op_ANDA_store_nop 0000149c
EQU  l_fetch_D_op_ANDA_store_nop 0000149e
EQU  l_fetch_E_op_ANDA_store_nop 000014a0
EQU  l_fetch_H_op_ANDA_store_nop 000014a2
EQU  l_fetch_L_op_ANDA_store_nop 000014a4
EQU  l_fetch_MHL_op_ANDA_store_nop 000014a6
EQU  l_fetch_A_op_ANDA_store_nop 000014a8
EQU  l_fetch_B_op_XORA_store_nop 000014aa
EQU  l_fetch_C_op_XORA_store_nop 000014ac
EQU  l_fetch_D_op_XORA_store_nop 000014ae
EQU  l_fetch_E_op_XORA_store_nop 000014b0
EQU  l_fetch_H_op_XORA_store_nop 000014b2
EQU  l_fetch_L_op_XORA_store_nop 000014b4
EQU  l_fetch_MHL_op_XORA_store_nop 000014b6
EQU  l_fetch_A_op_XORA_store_nop 000014b8
EQU  l_fetch_B_op_ORA_store_nop 000014ba
EQU  l_fetch_C_op_ORA_store_nop 000014bc
EQU  l_fetch_D_op_ORA_store_nop 000014be
EQU  l_fetch_E_op_ORA_store_nop 000014c0
EQU  l_fetch_H_op_ORA_store_nop 000014c2
EQU  l_fetch_L_op_ORA_store_nop 000014c4
EQU  l_fetch_MHL_op_ORA_store_nop 000014c6
EQU  l_fetch_A_op_ORA_store_nop 000014c8
EQU  l_fetch_B_op_CPFA_store_nop 000014ca
EQU  l_fetch_C_op_CPFA_store_nop 000014cc
EQU  l_fetch_D_op_CPFA_store_nop 000014ce
EQU  l_fetch_E_op_CPFA_store_nop 000014d0
EQU  l_fetch_H_op_CPFA_store_nop 000014d2
EQU  l_fetch_L_op_CPFA_store_nop 000014d4
EQU  l_fetch_MHL_op_CPFA_store_nop 000014d6
EQU  l_fetch_A_op_CPFA_store_nop 000014d8
EQU  l_fetch_nop_op_IFNZ_store_RET 000014da
EQU  l_fetch_nop_op_POP16_store_BC 000014dc
EQU  l_fetch_DIR16_op_IFNZ_store_PC 000014de
EQU  l_fetch_DIR16_op_nop_store_PC 000014e1
EQU  l_fetch_DIR16_op_IFNZ_store_CALL 000014e3
EQU  l_fetch_BC_op_PUSH16_store_nop 000014e6
EQU  l_fetch_DIR8_op_ADDA_store_nop 000014e8
EQU  l_fetch_RST_op_nop_store_CALL 000014ea
EQU  l_fetch_nop_op_IFZ_store_RET 000014ec
EQU  l_fetch_DIR16_op_IFZ_store_PC 000014ee
EQU  l_fetch_DIR16_op_IFZ_store_CALL 000014f1
EQU  l_fetch_DIR16_op_nop_store_CALL 000014f4
EQU  l_fetch_DIR8_op_ADCA_store_nop 000014f6
EQU  l_fetch_nop_op_IFNC_store_RET 000014f8
EQU  l_fetch_nop_op_POP16_store_DE 000014fa
EQU  l_fetch_DIR16_op_IFNC_store_PC 000014fc
EQU  l_fetch_DIR8_op_OUTA_store_nop 000014ff
EQU  l_fetch_DIR16_op_IFNC_store_CALL 00001501
EQU  l_fetch_DE_op_PUSH16_store_nop 00001504
EQU  l_fetch_DIR8_op_SUBFA_store_nop 00001506
EQU  l_fetch_nop_op_IFC_store_RET 00001508
EQU  l_fetch_DIR16_op_IFC_store_PC 0000150a
EQU  l_fetch_DIR8_op_INA_store_nop 0000150d
EQU  l_fetch_DIR16_op_IFC_store_CALL 0000150f
EQU  l_fetch_DIR8_op_SBCFA_store_nop 00001512
EQU  l_fetch_nop_op_IFPO_store_RET 00001514
EQU  l_fetch_nop_op_POP16_store_HL 00001516
EQU  l_fetch_DIR16_op_IFPO_store_PC 00001518
EQU  l_fetch_MSP_op_EXHL_store_MSP 0000151b
EQU  l_fetch_DIR16_op_IFPO_store_CALL 0000151e
EQU  l_fetch_HL_op_PUSH16_store_nop 00001521
EQU  l_fetch_DIR8_op_ANDA_store_nop 00001523
EQU  l_fetch_nop_op_IFPE_store_RET 00001525
EQU  l_fetch_HL_op_nop_store_PC 00001527
EQU  l_fetch_DIR16_op_IFPE_store_PC 00001529
EQU  l_fetch_DE_op_EXHL_store_DE 0000152c
EQU  l_fetch_DIR16_op_IFPE_store_CALL 0000152f
EQU  l_fetch_DIR8_op_XORA_store_nop 00001532
EQU  l_fetch_nop_op_IFP_store_RET 00001534
EQU  l_fetch_nop_op_POP16_store_AF 00001536
EQU  l_fetch_DIR16_op_IFP_store_PC 00001538
EQU  l_fetch_DIR16_op_IFP_store_CALL 0000153b
EQU  l_fetch_AF_op_PUSH16_store_nop 0000153e
EQU  l_fetch_DIR8_op_ORA_store_nop 00001540
EQU  l_fetch_nop_op_IFM_store_RET 00001542
EQU  l_fetch_HL_op_nop_store_SP 00001544
EQU  l_fetch_DIR16_op_IFM_store_PC 00001546
EQU  l_fetch_DIR16_op_IFM_store_CALL 00001549
EQU  l_fetch_DIR8_op_CPFA_store_nop 0000154c
CSEG do_op_noni   0000154e
CSEG do_fetch_dir8_2 00001550
CSEG do_fetch_xh  0000155e
CSEG do_fetch_xl  00001563
CSEG do_fetch_mxx 00001568
CSEG fetchmxx_fd  0000156d
CSEG fetchmxx1    0000156f
CSEG fetchmxx2    0000157f
CSEG do_fetch_xx  0000158d
CSEG fetchxx_fd   00001592
CSEG do_store_xh  00001595
CSEG do_store_xl  0000159a
CSEG do_store_mxx 0000159f
CSEG storemxx_fd  000015a4
CSEG storemxx1    000015a6
CSEG storemxx2    000015b6
CSEG do_store_mxx_0 000015c0
CSEG do_store_mxx_2 000015c8
CSEG storemxx2_fd 000015cd
CSEG storemxx21   000015cf
CSEG storemxx22   000015e0
CSEG do_store_xx  000015ea
CSEG storexx_fd   000015ef
CSEG do_op_stxx   000015f2
CSEG do_op_EXxx   0000160b
CSEG opexxx_fd    00001612
CSEG opexxxe      00001616
CSEG do_op_addxx  00001618
CSEG opadx_fd     00001621
CSEG opadx_e      00001627
EQU  l_fetch_BC_op_ADDxx_store_nop 0000162e
EQU  l_fetch_DE_op_ADDxx_store_nop 00001630
EQU  l_fetch_DIR16_op_nop_store_xx 00001632
EQU  l_fetch_DIR16_op_STxx_store_nop 00001634
EQU  l_fetch_xx_op_INC16_store_xx 00001636
EQU  l_fetch_xH_op_INC_store_xH 00001639
EQU  l_fetch_xH_op_DEC_store_xH 0000163c
EQU  l_fetch_DIR8_op_nop_store_xH 0000163f
EQU  l_fetch_xx_op_ADDxx_store_nop 00001641
EQU  l_fetch_DIR16_op_RMEM16_store_xx 00001643
EQU  l_fetch_xx_op_DEC16_store_xx 00001646
EQU  l_fetch_xL_op_INC_store_xL 00001649
EQU  l_fetch_xL_op_DEC_store_xL 0000164c
EQU  l_fetch_DIR8_op_nop_store_xL 0000164f
EQU  l_fetch_MXX_op_INC_store_MXX_0 00001651
EQU  l_fetch_MXX_op_DEC_store_MXX_0 00001654
EQU  l_fetch_DIR8_2_op_nop_store_MXX_2 00001657
EQU  l_fetch_SP_op_ADDxx_store_nop 00001659
EQU  l_fetch_xH_op_nop_store_B 0000165b
EQU  l_fetch_xL_op_nop_store_B 0000165d
EQU  l_fetch_MXX_op_nop_store_B 0000165f
EQU  l_fetch_xH_op_nop_store_C 00001661
EQU  l_fetch_xL_op_nop_store_C 00001663
EQU  l_fetch_MXX_op_nop_store_C 00001665
EQU  l_fetch_xH_op_nop_store_D 00001667
EQU  l_fetch_xL_op_nop_store_D 00001669
EQU  l_fetch_MXX_op_nop_store_D 0000166b
EQU  l_fetch_xH_op_nop_store_E 0000166d
EQU  l_fetch_xL_op_nop_store_E 0000166f
EQU  l_fetch_MXX_op_nop_store_E 00001671
EQU  l_fetch_B_op_nop_store_xH 00001673
EQU  l_fetch_C_op_nop_store_xH 00001675
EQU  l_fetch_D_op_nop_store_xH 00001677
EQU  l_fetch_E_op_nop_store_xH 00001679
EQU  l_fetch_xL_op_nop_store_xH 0000167b
EQU  l_fetch_MXX_op_nop_store_H 0000167d
EQU  l_fetch_A_op_nop_store_xH 0000167f
EQU  l_fetch_B_op_nop_store_xL 00001681
EQU  l_fetch_C_op_nop_store_xL 00001683
EQU  l_fetch_D_op_nop_store_xL 00001685
EQU  l_fetch_E_op_nop_store_xL 00001687
EQU  l_fetch_xH_op_nop_store_xL 00001689
EQU  l_fetch_MXX_op_nop_store_L 0000168b
EQU  l_fetch_A_op_nop_store_xL 0000168d
EQU  l_fetch_B_op_nop_store_MXX 0000168f
EQU  l_fetch_C_op_nop_store_MXX 00001691
EQU  l_fetch_D_op_nop_store_MXX 00001693
EQU  l_fetch_E_op_nop_store_MXX 00001695
EQU  l_fetch_H_op_nop_store_MXX 00001697
EQU  l_fetch_L_op_nop_store_MXX 00001699
EQU  l_fetch_A_op_nop_store_MXX 0000169b
EQU  l_fetch_xH_op_nop_store_A 0000169d
EQU  l_fetch_xL_op_nop_store_A 0000169f
EQU  l_fetch_MXX_op_nop_store_A 000016a1
EQU  l_fetch_xH_op_ADDA_store_nop 000016a3
EQU  l_fetch_xL_op_ADDA_store_nop 000016a5
EQU  l_fetch_MXX_op_ADDA_store_nop 000016a7
EQU  l_fetch_xH_op_ADCA_store_nop 000016a9
EQU  l_fetch_xL_op_ADCA_store_nop 000016ab
EQU  l_fetch_MXX_op_ADCA_store_nop 000016ad
EQU  l_fetch_xH_op_SUBFA_store_nop 000016af
EQU  l_fetch_xL_op_SUBFA_store_nop 000016b1
EQU  l_fetch_MXX_op_SUBFA_store_nop 000016b3
EQU  l_fetch_xH_op_SBCFA_store_nop 000016b5
EQU  l_fetch_xL_op_SBCFA_store_nop 000016b7
EQU  l_fetch_MXX_op_SBCFA_store_nop 000016b9
EQU  l_fetch_xH_op_ANDA_store_nop 000016bb
EQU  l_fetch_xL_op_ANDA_store_nop 000016bd
EQU  l_fetch_MXX_op_ANDA_store_nop 000016bf
EQU  l_fetch_xH_op_XORA_store_nop 000016c1
EQU  l_fetch_xL_op_XORA_store_nop 000016c3
EQU  l_fetch_MXX_op_XORA_store_nop 000016c5
EQU  l_fetch_xH_op_ORA_store_nop 000016c7
EQU  l_fetch_xL_op_ORA_store_nop 000016c9
EQU  l_fetch_MXX_op_ORA_store_nop 000016cb
EQU  l_fetch_xH_op_CPFA_store_nop 000016cd
EQU  l_fetch_xL_op_CPFA_store_nop 000016cf
EQU  l_fetch_MXX_op_CPFA_store_nop 000016d1
EQU  l_fetch_nop_op_POP16_store_xx 000016d3
EQU  l_fetch_MSP_op_EXxx_store_MSP 000016d5
EQU  l_fetch_xx_op_PUSH16_store_nop 000016d8
EQU  l_fetch_xx_op_nop_store_PC 000016da
EQU  l_fetch_xx_op_nop_store_SP 000016dc
CSEG do_op_rlc    000016de
CSEG do_op_rrc    000016e7
CSEG do_op_rl     000016f0
CSEG do_op_rr     00001800
CSEG do_op_sla    0000180a
CSEG do_op_sra    00001812
CSEG do_op_sll    0000181c
CSEG do_op_srl    00001825
CSEG do_op_BIT7   0000182d
CSEG opbit        0000183c
CSEG do_op_BIT6   0000182f
CSEG do_op_BIT5   00001831
CSEG do_op_BIT4   00001833
CSEG do_op_BIT3   00001835
CSEG do_op_BIT2   00001837
CSEG do_op_BIT1   00001839
CSEG do_op_BIT0   0000183b
CSEG opbite       00001841
EQU  do_op_RES7   00000000
EQU  do_op_RES6   00000000
EQU  do_op_RES5   00000000
EQU  do_op_RES4   00000000
EQU  do_op_RES3   00000000
EQU  do_op_RES2   00000000
EQU  do_op_RES1   00000000
EQU  do_op_RES0   00000000
EQU  do_op_SET7   00000000
EQU  do_op_SET6   00000000
EQU  do_op_SET5   00000000
EQU  do_op_SET4   00000000
EQU  do_op_SET3   00000000
EQU  do_op_SET2   00000000
EQU  do_op_SET1   00000000
EQU  do_op_SET0   00000000
CSEG do_store2_b  00001842
CSEG do_store2_c  00001844
CSEG do_store2_d  00001846
CSEG do_store2_e  00001848
CSEG do_store2_h  0000184a
CSEG do_store2_l  0000184c
CSEG do_store2_a  0000184e
CSEG do_fetch2_mhl 00001850
EQU  l_fetch_B_op_RLC_store2_B 0000185c
EQU  l_fetch_C_op_RLC_store2_C 0000185f
EQU  l_fetch_D_op_RLC_store2_D 00001862
EQU  l_fetch_E_op_RLC_store2_E 00001865
EQU  l_fetch_H_op_RLC_store2_H 00001868
EQU  l_fetch_L_op_RLC_store2_L 0000186b
EQU  l_fetch2_mhl_op_RLC_store_MHL 0000186e
EQU  l_fetch_A_op_RLC_store2_A 00001872
EQU  l_fetch_B_op_RRC_store2_B 00001875
EQU  l_fetch_C_op_RRC_store2_C 00001878
EQU  l_fetch_D_op_RRC_store2_D 0000187b
EQU  l_fetch_E_op_RRC_store2_E 0000187e
EQU  l_fetch_H_op_RRC_store2_H 00001881
EQU  l_fetch_L_op_RRC_store2_L 00001884
EQU  l_fetch2_mhl_op_RRC_store_MHL 00001887
EQU  l_fetch_A_op_RRC_store2_A 0000188b
EQU  l_fetch_B_op_RL_store2_B 0000188e
EQU  l_fetch_C_op_RL_store2_C 00001891
EQU  l_fetch_D_op_RL_store2_D 00001894
EQU  l_fetch_E_op_RL_store2_E 00001897
EQU  l_fetch_H_op_RL_store2_H 0000189a
EQU  l_fetch_L_op_RL_store2_L 0000189d
EQU  l_fetch2_mhl_op_RL_store_MHL 000018a0
EQU  l_fetch_A_op_RL_store2_A 000018a4
EQU  l_fetch_B_op_RR_store2_B 000018a7
EQU  l_fetch_C_op_RR_store2_C 000018aa
EQU  l_fetch_D_op_RR_store2_D 000018ad
EQU  l_fetch_E_op_RR_store2_E 000018b0
EQU  l_fetch_H_op_RR_store2_H 000018b3
EQU  l_fetch_L_op_RR_store2_L 000018b6
EQU  l_fetch2_mhl_op_RR_store_MHL 000018b9
EQU  l_fetch_A_op_RR_store2_A 000018bd
EQU  l_fetch_B_op_SLA_store2_B 000018c0
EQU  l_fetch_C_op_SLA_store2_C 000018c3
EQU  l_fetch_D_op_SLA_store2_D 000018c6
EQU  l_fetch_E_op_SLA_store2_E 000018c9
EQU  l_fetch_H_op_SLA_store2_H 000018cc
EQU  l_fetch_L_op_SLA_store2_L 000018cf
EQU  l_fetch2_mhl_op_SLA_store_MHL 000018d2
EQU  l_fetch_A_op_SLA_store2_A 000018d6
EQU  l_fetch_B_op_SRA_store2_B 000018d9
EQU  l_fetch_C_op_SRA_store2_C 000018dc
EQU  l_fetch_D_op_SRA_store2_D 000018df
EQU  l_fetch_E_op_SRA_store2_E 000018e2
EQU  l_fetch_H_op_SRA_store2_H 000018e5
EQU  l_fetch_L_op_SRA_store2_L 000018e8
EQU  l_fetch2_mhl_op_SRA_store_MHL 000018eb
EQU  l_fetch_A_op_SRA_store2_A 000018ef
EQU  l_fetch_B_op_SLL_store2_B 000018f2
EQU  l_fetch_C_op_SLL_store2_C 000018f5
EQU  l_fetch_D_op_SLL_store2_D 000018f8
EQU  l_fetch_E_op_SLL_store2_E 00001a00
EQU  l_fetch_H_op_SLL_store2_H 00001a03
EQU  l_fetch_L_op_SLL_store2_L 00001a06
EQU  l_fetch2_mhl_op_SLL_store_MHL 00001a09
EQU  l_fetch_A_op_SLL_store2_A 00001a0d
EQU  l_fetch_B_op_SRL_store2_B 00001a10
EQU  l_fetch_C_op_SRL_store2_C 00001a13
EQU  l_fetch_D_op_SRL_store2_D 00001a16
EQU  l_fetch_E_op_SRL_store2_E 00001a19
EQU  l_fetch_H_op_SRL_store2_H 00001a1c
EQU  l_fetch_L_op_SRL_store2_L 00001a1f
EQU  l_fetch2_mhl_op_SRL_store_MHL 00001a22
EQU  l_fetch_A_op_SRL_store2_A 00001a26
EQU  l_fetch_B_op_BIT0_store_nop 00001a29
EQU  l_fetch_C_op_BIT0_store_nop 00001a2b
EQU  l_fetch_D_op_BIT0_store_nop 00001a2d
EQU  l_fetch_E_op_BIT0_store_nop 00001a2f
EQU  l_fetch_H_op_BIT0_store_nop 00001a31
EQU  l_fetch_L_op_BIT0_store_nop 00001a33
EQU  l_fetch2_mhl_op_BIT0_store_nop 00001a35
EQU  l_fetch_A_op_BIT0_store_nop 00001a37
EQU  l_fetch_B_op_BIT1_store_nop 00001a39
EQU  l_fetch_C_op_BIT1_store_nop 00001a3b
EQU  l_fetch_D_op_BIT1_store_nop 00001a3d
EQU  l_fetch_E_op_BIT1_store_nop 00001a3f
EQU  l_fetch_H_op_BIT1_store_nop 00001a41
EQU  l_fetch_L_op_BIT1_store_nop 00001a43
EQU  l_fetch2_mhl_op_BIT1_store_nop 00001a45
EQU  l_fetch_A_op_BIT1_store_nop 00001a47
EQU  l_fetch_B_op_BIT2_store_nop 00001a49
EQU  l_fetch_C_op_BIT2_store_nop 00001a4b
EQU  l_fetch_D_op_BIT2_store_nop 00001a4d
EQU  l_fetch_E_op_BIT2_store_nop 00001a4f
EQU  l_fetch_H_op_BIT2_store_nop 00001a51
EQU  l_fetch_L_op_BIT2_store_nop 00001a53
EQU  l_fetch2_mhl_op_BIT2_store_nop 00001a55
EQU  l_fetch_A_op_BIT2_store_nop 00001a57
EQU  l_fetch_B_op_BIT3_store_nop 00001a59
EQU  l_fetch_C_op_BIT3_store_nop 00001a5b
EQU  l_fetch_D_op_BIT3_store_nop 00001a5d
EQU  l_fetch_E_op_BIT3_store_nop 00001a5f
EQU  l_fetch_H_op_BIT3_store_nop 00001a61
EQU  l_fetch_L_op_BIT3_store_nop 00001a63
EQU  l_fetch2_mhl_op_BIT3_store_nop 00001a65
EQU  l_fetch_A_op_BIT3_store_nop 00001a67
EQU  l_fetch_B_op_BIT4_store_nop 00001a69
EQU  l_fetch_C_op_BIT4_store_nop 00001a6b
EQU  l_fetch_D_op_BIT4_store_nop 00001a6d
EQU  l_fetch_E_op_BIT4_store_nop 00001a6f
EQU  l_fetch_H_op_BIT4_store_nop 00001a71
EQU  l_fetch_L_op_BIT4_store_nop 00001a73
EQU  l_fetch2_mhl_op_BIT4_store_nop 00001a75
EQU  l_fetch_A_op_BIT4_store_nop 00001a77
EQU  l_fetch_B_op_BIT5_store_nop 00001a79
EQU  l_fetch_C_op_BIT5_store_nop 00001a7b
EQU  l_fetch_D_op_BIT5_store_nop 00001a7d
EQU  l_fetch_E_op_BIT5_store_nop 00001a7f
EQU  l_fetch_H_op_BIT5_store_nop 00001a81
EQU  l_fetch_L_op_BIT5_store_nop 00001a83
EQU  l_fetch2_mhl_op_BIT5_store_nop 00001a85
EQU  l_fetch_A_op_BIT5_store_nop 00001a87
EQU  l_fetch_B_op_BIT6_store_nop 00001a89
EQU  l_fetch_C_op_BIT6_store_nop 00001a8b
EQU  l_fetch_D_op_BIT6_store_nop 00001a8d
EQU  l_fetch_E_op_BIT6_store_nop 00001a8f
EQU  l_fetch_H_op_BIT6_store_nop 00001a91
EQU  l_fetch_L_op_BIT6_store_nop 00001a93
EQU  l_fetch2_mhl_op_BIT6_store_nop 00001a95
EQU  l_fetch_A_op_BIT6_store_nop 00001a97
EQU  l_fetch_B_op_BIT7_store_nop 00001a99
EQU  l_fetch_C_op_BIT7_store_nop 00001a9b
EQU  l_fetch_D_op_BIT7_store_nop 00001a9d
EQU  l_fetch_E_op_BIT7_store_nop 00001a9f
EQU  l_fetch_H_op_BIT7_store_nop 00001aa1
EQU  l_fetch_L_op_BIT7_store_nop 00001aa3
EQU  l_fetch2_mhl_op_BIT7_store_nop 00001aa5
EQU  l_fetch_A_op_BIT7_store_nop 00001aa7
EQU  l_fetch_B_op_RES0_store2_B 00001aa9
EQU  l_fetch_C_op_RES0_store2_C 00001aac
EQU  l_fetch_D_op_RES0_store2_D 00001aaf
EQU  l_fetch_E_op_RES0_store2_E 00001ab2
EQU  l_fetch_H_op_RES0_store2_H 00001ab5
EQU  l_fetch_L_op_RES0_store2_L 00001ab8
EQU  l_fetch2_mhl_op_RES0_store_MHL 00001abb
EQU  l_fetch_A_op_RES0_store2_A 00001abf
EQU  l_fetch_B_op_RES1_store2_B 00001ac2
EQU  l_fetch_C_op_RES1_store2_C 00001ac5
EQU  l_fetch_D_op_RES1_store2_D 00001ac8
EQU  l_fetch_E_op_RES1_store2_E 00001acb
EQU  l_fetch_H_op_RES1_store2_H 00001ace
EQU  l_fetch_L_op_RES1_store2_L 00001ad1
EQU  l_fetch2_mhl_op_RES1_store_MHL 00001ad4
EQU  l_fetch_A_op_RES1_store2_A 00001ad8
EQU  l_fetch_B_op_RES2_store2_B 00001adb
EQU  l_fetch_C_op_RES2_store2_C 00001ade
EQU  l_fetch_D_op_RES2_store2_D 00001ae1
EQU  l_fetch_E_op_RES2_store2_E 00001ae4
EQU  l_fetch_H_op_RES2_store2_H 00001ae7
EQU  l_fetch_L_op_RES2_store2_L 00001aea
EQU  l_fetch2_mhl_op_RES2_store_MHL 00001aed
EQU  l_fetch_A_op_RES2_store2_A 00001af1
EQU  l_fetch_B_op_RES3_store2_B 00001af4
EQU  l_fetch_C_op_RES3_store2_C 00001af7
EQU  l_fetch_D_op_RES3_store2_D 00001afa
EQU  l_fetch_E_op_RES3_store2_E 00001afd
EQU  l_fetch_H_op_RES3_store2_H 00001b00
EQU  l_fetch_L_op_RES3_store2_L 00001b03
EQU  l_fetch2_mhl_op_RES3_store_MHL 00001b06
EQU  l_fetch_A_op_RES3_store2_A 00001b0a
EQU  l_fetch_B_op_RES4_store2_B 00001b0d
EQU  l_fetch_C_op_RES4_store2_C 00001b10
EQU  l_fetch_D_op_RES4_store2_D 00001b13
EQU  l_fetch_E_op_RES4_store2_E 00001b16
EQU  l_fetch_H_op_RES4_store2_H 00001b19
EQU  l_fetch_L_op_RES4_store2_L 00001b1c
EQU  l_fetch2_mhl_op_RES4_store_MHL 00001b1f
EQU  l_fetch_A_op_RES4_store2_A 00001b23
EQU  l_fetch_B_op_RES5_store2_B 00001b26
EQU  l_fetch_C_op_RES5_store2_C 00001b29
EQU  l_fetch_D_op_RES5_store2_D 00001b2c
EQU  l_fetch_E_op_RES5_store2_E 00001b2f
EQU  l_fetch_H_op_RES5_store2_H 00001b32
EQU  l_fetch_L_op_RES5_store2_L 00001b35
EQU  l_fetch2_mhl_op_RES5_store_MHL 00001b38
EQU  l_fetch_A_op_RES5_store2_A 00001b3c
EQU  l_fetch_B_op_RES6_store2_B 00001b3f
EQU  l_fetch_C_op_RES6_store2_C 00001b42
EQU  l_fetch_D_op_RES6_store2_D 00001b45
EQU  l_fetch_E_op_RES6_store2_E 00001b48
EQU  l_fetch_H_op_RES6_store2_H 00001b4b
EQU  l_fetch_L_op_RES6_store2_L 00001b4e
EQU  l_fetch2_mhl_op_RES6_store_MHL 00001b51
EQU  l_fetch_A_op_RES6_store2_A 00001b55
EQU  l_fetch_B_op_RES7_store2_B 00001b58
EQU  l_fetch_C_op_RES7_store2_C 00001b5b
EQU  l_fetch_D_op_RES7_store2_D 00001b5e
EQU  l_fetch_E_op_RES7_store2_E 00001b61
EQU  l_fetch_H_op_RES7_store2_H 00001b64
EQU  l_fetch_L_op_RES7_store2_L 00001b67
EQU  l_fetch2_mhl_op_RES7_store_MHL 00001b6a
EQU  l_fetch_A_op_RES7_store2_A 00001b6e
EQU  l_fetch_B_op_SET0_store2_B 00001b71
EQU  l_fetch_C_op_SET0_store2_C 00001b74
EQU  l_fetch_D_op_SET0_store2_D 00001b77
EQU  l_fetch_E_op_SET0_store2_E 00001b7a
EQU  l_fetch_H_op_SET0_store2_H 00001b7d
EQU  l_fetch_L_op_SET0_store2_L 00001b80
EQU  l_fetch2_mhl_op_SET0_store_MHL 00001b83
EQU  l_fetch_A_op_SET0_store2_A 00001b87
EQU  l_fetch_B_op_SET1_store2_B 00001b8a
EQU  l_fetch_C_op_SET1_store2_C 00001b8d
EQU  l_fetch_D_op_SET1_store2_D 00001b90
EQU  l_fetch_E_op_SET1_store2_E 00001b93
EQU  l_fetch_H_op_SET1_store2_H 00001b96
EQU  l_fetch_L_op_SET1_store2_L 00001b99
EQU  l_fetch2_mhl_op_SET1_store_MHL 00001b9c
EQU  l_fetch_A_op_SET1_store2_A 00001ba0
EQU  l_fetch_B_op_SET2_store2_B 00001ba3
EQU  l_fetch_C_op_SET2_store2_C 00001ba6
EQU  l_fetch_D_op_SET2_store2_D 00001ba9
EQU  l_fetch_E_op_SET2_store2_E 00001bac
EQU  l_fetch_H_op_SET2_store2_H 00001baf
EQU  l_fetch_L_op_SET2_store2_L 00001bb2
EQU  l_fetch2_mhl_op_SET2_store_MHL 00001bb5
EQU  l_fetch_A_op_SET2_store2_A 00001bb9
EQU  l_fetch_B_op_SET3_store2_B 00001bbc
EQU  l_fetch_C_op_SET3_store2_C 00001bbf
EQU  l_fetch_D_op_SET3_store2_D 00001bc2
EQU  l_fetch_E_op_SET3_store2_E 00001bc5
EQU  l_fetch_H_op_SET3_store2_H 00001bc8
EQU  l_fetch_L_op_SET3_store2_L 00001bcb
EQU  l_fetch2_mhl_op_SET3_store_MHL 00001bce
EQU  l_fetch_A_op_SET3_store2_A 00001bd2
EQU  l_fetch_B_op_SET4_store2_B 00001bd5
EQU  l_fetch_C_op_SET4_store2_C 00001bd8
EQU  l_fetch_D_op_SET4_store2_D 00001bdb
EQU  l_fetch_E_op_SET4_store2_E 00001bde
EQU  l_fetch_H_op_SET4_store2_H 00001be1
EQU  l_fetch_L_op_SET4_store2_L 00001be4
EQU  l_fetch2_mhl_op_SET4_store_MHL 00001be7
EQU  l_fetch_A_op_SET4_store2_A 00001beb
EQU  l_fetch_B_op_SET5_store2_B 00001bee
EQU  l_fetch_C_op_SET5_store2_C 00001bf1
EQU  l_fetch_D_op_SET5_store2_D 00001bf4
EQU  l_fetch_E_op_SET5_store2_E 00001bf7
EQU  l_fetch_H_op_SET5_store2_H 00001bfa
EQU  l_fetch_L_op_SET5_store2_L 00001bfd
EQU  l_fetch2_mhl_op_SET5_store_MHL 00001c00
EQU  l_fetch_A_op_SET5_store2_A 00001c04
EQU  l_fetch_B_op_SET6_store2_B 00001c07
EQU  l_fetch_C_op_SET6_store2_C 00001c0a
EQU  l_fetch_D_op_SET6_store2_D 00001c0d
EQU  l_fetch_E_op_SET6_store2_E 00001c10
EQU  l_fetch_H_op_SET6_store2_H 00001c13
EQU  l_fetch_L_op_SET6_store2_L 00001c16
EQU  l_fetch2_mhl_op_SET6_store_MHL 00001c19
EQU  l_fetch_A_op_SET6_store2_A 00001c1d
EQU  l_fetch_B_op_SET7_store2_B 00001c20
EQU  l_fetch_C_op_SET7_store2_C 00001c23
EQU  l_fetch_D_op_SET7_store2_D 00001c26
EQU  l_fetch_E_op_SET7_store2_E 00001c29
EQU  l_fetch_H_op_SET7_store2_H 00001c2c
EQU  l_fetch_L_op_SET7_store2_L 00001c2f
EQU  l_fetch2_mhl_op_SET7_store_MHL 00001c32
EQU  l_fetch_A_op_SET7_store2_A 00001c36
EQU  l_fetch_nop_op_RLC_store2_B 00001c39
EQU  l_fetch_nop_op_RLC_store2_C 00001c3b
EQU  l_fetch_nop_op_RLC_store2_D 00001c3d
EQU  l_fetch_nop_op_RLC_store2_E 00001c3f
EQU  l_fetch_nop_op_RLC_store2_H 00001c41
EQU  l_fetch_nop_op_RLC_store2_L 00001c43
EQU  l_fetch_nop_op_RLC_store2_A 00001c45
EQU  l_fetch_nop_op_RRC_store2_B 00001c47
EQU  l_fetch_nop_op_RRC_store2_C 00001c49
EQU  l_fetch_nop_op_RRC_store2_D 00001c4b
EQU  l_fetch_nop_op_RRC_store2_E 00001c4d
EQU  l_fetch_nop_op_RRC_store2_H 00001c4f
EQU  l_fetch_nop_op_RRC_store2_L 00001c51
EQU  l_fetch_nop_op_RRC_store2_A 00001c53
EQU  l_fetch_nop_op_RL_store2_B 00001c55
EQU  l_fetch_nop_op_RL_store2_C 00001c57
EQU  l_fetch_nop_op_RL_store2_D 00001c59
EQU  l_fetch_nop_op_RL_store2_E 00001c5b
EQU  l_fetch_nop_op_RL_store2_H 00001c5d
EQU  l_fetch_nop_op_RL_store2_L 00001c5f
EQU  l_fetch_nop_op_RL_store2_A 00001c61
EQU  l_fetch_nop_op_RR_store2_B 00001c63
EQU  l_fetch_nop_op_RR_store2_C 00001c65
EQU  l_fetch_nop_op_RR_store2_D 00001c67
EQU  l_fetch_nop_op_RR_store2_E 00001c69
EQU  l_fetch_nop_op_RR_store2_H 00001c6b
EQU  l_fetch_nop_op_RR_store2_L 00001c6d
EQU  l_fetch_nop_op_RR_store2_A 00001c6f
EQU  l_fetch_nop_op_SLA_store2_B 00001c71
EQU  l_fetch_nop_op_SLA_store2_C 00001c73
EQU  l_fetch_nop_op_SLA_store2_D 00001c75
EQU  l_fetch_nop_op_SLA_store2_E 00001c77
EQU  l_fetch_nop_op_SLA_store2_H 00001c79
EQU  l_fetch_nop_op_SLA_store2_L 00001c7b
EQU  l_fetch_nop_op_SLA_store2_A 00001c7d
EQU  l_fetch_nop_op_SRA_store2_B 00001c7f
EQU  l_fetch_nop_op_SRA_store2_C 00001c81
EQU  l_fetch_nop_op_SRA_store2_D 00001c83
EQU  l_fetch_nop_op_SRA_store2_E 00001c85
EQU  l_fetch_nop_op_SRA_store2_H 00001c87
EQU  l_fetch_nop_op_SRA_store2_L 00001c89
EQU  l_fetch_nop_op_SRA_store2_A 00001c8b
EQU  l_fetch_nop_op_SLL_store2_B 00001c8d
EQU  l_fetch_nop_op_SLL_store2_C 00001c8f
EQU  l_fetch_nop_op_SLL_store2_D 00001c91
EQU  l_fetch_nop_op_SLL_store2_E 00001c93
EQU  l_fetch_nop_op_SLL_store2_H 00001c95
EQU  l_fetch_nop_op_SLL_store2_L 00001c97
EQU  l_fetch_nop_op_SLL_store2_A 00001c99
EQU  l_fetch_nop_op_SRL_store2_B 00001c9b
EQU  l_fetch_nop_op_SRL_store2_C 00001c9d
EQU  l_fetch_nop_op_SRL_store2_D 00001c9f
EQU  l_fetch_nop_op_SRL_store2_E 00001ca1
EQU  l_fetch_nop_op_SRL_store2_H 00001ca3
EQU  l_fetch_nop_op_SRL_store2_L 00001ca5
EQU  l_fetch_nop_op_SRL_store2_A 00001ca7
EQU  l_fetch_nop_op_RES0_store2_B 00001ca9
EQU  l_fetch_nop_op_RES0_store2_C 00001cab
EQU  l_fetch_nop_op_RES0_store2_D 00001cad
EQU  l_fetch_nop_op_RES0_store2_E 00001caf
EQU  l_fetch_nop_op_RES0_store2_H 00001cb1
EQU  l_fetch_nop_op_RES0_store2_L 00001cb3
EQU  l_fetch_nop_op_RES0_store_nop 00001cb5
EQU  l_fetch_nop_op_RES0_store2_A 00001cb7
EQU  l_fetch_nop_op_RES1_store2_B 00001cb9
EQU  l_fetch_nop_op_RES1_store2_C 00001cbb
EQU  l_fetch_nop_op_RES1_store2_D 00001cbd
EQU  l_fetch_nop_op_RES1_store2_E 00001cbf
EQU  l_fetch_nop_op_RES1_store2_H 00001cc1
EQU  l_fetch_nop_op_RES1_store2_L 00001cc3
EQU  l_fetch_nop_op_RES1_store_nop 00001cc5
EQU  l_fetch_nop_op_RES1_store2_A 00001cc7
EQU  l_fetch_nop_op_RES2_store2_B 00001cc9
EQU  l_fetch_nop_op_RES2_store2_C 00001ccb
EQU  l_fetch_nop_op_RES2_store2_D 00001ccd
EQU  l_fetch_nop_op_RES2_store2_E 00001ccf
EQU  l_fetch_nop_op_RES2_store2_H 00001cd1
EQU  l_fetch_nop_op_RES2_store2_L 00001cd3
EQU  l_fetch_nop_op_RES2_store_nop 00001cd5
EQU  l_fetch_nop_op_RES2_store2_A 00001cd7
EQU  l_fetch_nop_op_RES3_store2_B 00001cd9
EQU  l_fetch_nop_op_RES3_store2_C 00001cdb
EQU  l_fetch_nop_op_RES3_store2_D 00001cdd
EQU  l_fetch_nop_op_RES3_store2_E 00001cdf
EQU  l_fetch_nop_op_RES3_store2_H 00001ce1
EQU  l_fetch_nop_op_RES3_store2_L 00001ce3
EQU  l_fetch_nop_op_RES3_store_nop 00001ce5
EQU  l_fetch_nop_op_RES3_store2_A 00001ce7
EQU  l_fetch_nop_op_RES4_store2_B 00001ce9
EQU  l_fetch_nop_op_RES4_store2_C 00001ceb
EQU  l_fetch_nop_op_RES4_store2_D 00001ced
EQU  l_fetch_nop_op_RES4_store2_E 00001cef
EQU  l_fetch_nop_op_RES4_store2_H 00001cf1
EQU  l_fetch_nop_op_RES4_store2_L 00001cf3
EQU  l_fetch_nop_op_RES4_store_nop 00001cf5
EQU  l_fetch_nop_op_RES4_store2_A 00001cf7
EQU  l_fetch_nop_op_RES5_store2_B 00001cf9
EQU  l_fetch_nop_op_RES5_store2_C 00001cfb
EQU  l_fetch_nop_op_RES5_store2_D 00001e00
EQU  l_fetch_nop_op_RES5_store2_E 00001e02
EQU  l_fetch_nop_op_RES5_store2_H 00001e04
EQU  l_fetch_nop_op_RES5_store2_L 00001e06
EQU  l_fetch_nop_op_RES5_store_nop 00001e08
EQU  l_fetch_nop_op_RES5_store2_A 00001e0a
EQU  l_fetch_nop_op_RES6_store2_B 00001e0c
EQU  l_fetch_nop_op_RES6_store2_C 00001e0e
EQU  l_fetch_nop_op_RES6_store2_D 00001e10
EQU  l_fetch_nop_op_RES6_store2_E 00001e12
EQU  l_fetch_nop_op_RES6_store2_H 00001e14
EQU  l_fetch_nop_op_RES6_store2_L 00001e16
EQU  l_fetch_nop_op_RES6_store_nop 00001e18
EQU  l_fetch_nop_op_RES6_store2_A 00001e1a
EQU  l_fetch_nop_op_RES7_store2_B 00001e1c
EQU  l_fetch_nop_op_RES7_store2_C 00001e1e
EQU  l_fetch_nop_op_RES7_store2_D 00001e20
EQU  l_fetch_nop_op_RES7_store2_E 00001e22
EQU  l_fetch_nop_op_RES7_store2_H 00001e24
EQU  l_fetch_nop_op_RES7_store2_L 00001e26
EQU  l_fetch_nop_op_RES7_store_nop 00001e28
EQU  l_fetch_nop_op_RES7_store2_A 00001e2a
EQU  l_fetch_nop_op_SET0_store2_B 00001e2c
EQU  l_fetch_nop_op_SET0_store2_C 00001e2e
EQU  l_fetch_nop_op_SET0_store2_D 00001e30
EQU  l_fetch_nop_op_SET0_store2_E 00001e32
EQU  l_fetch_nop_op_SET0_store2_H 00001e34
EQU  l_fetch_nop_op_SET0_store2_L 00001e36
EQU  l_fetch_nop_op_SET0_store_nop 00001e38
EQU  l_fetch_nop_op_SET0_store2_A 00001e3a
EQU  l_fetch_nop_op_SET1_store2_B 00001e3c
EQU  l_fetch_nop_op_SET1_store2_C 00001e3e
EQU  l_fetch_nop_op_SET1_store2_D 00001e40
EQU  l_fetch_nop_op_SET1_store2_E 00001e42
EQU  l_fetch_nop_op_SET1_store2_H 00001e44
EQU  l_fetch_nop_op_SET1_store2_L 00001e46
EQU  l_fetch_nop_op_SET1_store_nop 00001e48
EQU  l_fetch_nop_op_SET1_store2_A 00001e4a
EQU  l_fetch_nop_op_SET2_store2_B 00001e4c
EQU  l_fetch_nop_op_SET2_store2_C 00001e4e
EQU  l_fetch_nop_op_SET2_store2_D 00001e50
EQU  l_fetch_nop_op_SET2_store2_E 00001e52
EQU  l_fetch_nop_op_SET2_store2_H 00001e54
EQU  l_fetch_nop_op_SET2_store2_L 00001e56
EQU  l_fetch_nop_op_SET2_store_nop 00001e58
EQU  l_fetch_nop_op_SET2_store2_A 00001e5a
EQU  l_fetch_nop_op_SET3_store2_B 00001e5c
EQU  l_fetch_nop_op_SET3_store2_C 00001e5e
EQU  l_fetch_nop_op_SET3_store2_D 00001e60
EQU  l_fetch_nop_op_SET3_store2_E 00001e62
EQU  l_fetch_nop_op_SET3_store2_H 00001e64
EQU  l_fetch_nop_op_SET3_store2_L 00001e66
EQU  l_fetch_nop_op_SET3_store_nop 00001e68
EQU  l_fetch_nop_op_SET3_store2_A 00001e6a
EQU  l_fetch_nop_op_SET4_store2_B 00001e6c
EQU  l_fetch_nop_op_SET4_store2_C 00001e6e
EQU  l_fetch_nop_op_SET4_store2_D 00001e70
EQU  l_fetch_nop_op_SET4_store2_E 00001e72
EQU  l_fetch_nop_op_SET4_store2_H 00001e74
EQU  l_fetch_nop_op_SET4_store2_L 00001e76
EQU  l_fetch_nop_op_SET4_store_nop 00001e78
EQU  l_fetch_nop_op_SET4_store2_A 00001e7a
EQU  l_fetch_nop_op_SET5_store2_B 00001e7c
EQU  l_fetch_nop_op_SET5_store2_C 00001e7e
EQU  l_fetch_nop_op_SET5_store2_D 00001e80
EQU  l_fetch_nop_op_SET5_store2_E 00001e82
EQU  l_fetch_nop_op_SET5_store2_H 00001e84
EQU  l_fetch_nop_op_SET5_store2_L 00001e86
EQU  l_fetch_nop_op_SET5_store_nop 00001e88
EQU  l_fetch_nop_op_SET5_store2_A 00001e8a
EQU  l_fetch_nop_op_SET6_store2_B 00001e8c
EQU  l_fetch_nop_op_SET6_store2_C 00001e8e
EQU  l_fetch_nop_op_SET6_store2_D 00001e90
EQU  l_fetch_nop_op_SET6_store2_E 00001e92
EQU  l_fetch_nop_op_SET6_store2_H 00001e94
EQU  l_fetch_nop_op_SET6_store2_L 00001e96
EQU  l_fetch_nop_op_SET6_store_nop 00001e98
EQU  l_fetch_nop_op_SET6_store2_A 00001e9a
EQU  l_fetch_nop_op_SET7_store2_B 00001e9c
EQU  l_fetch_nop_op_SET7_store2_C 00001e9e
EQU  l_fetch_nop_op_SET7_store2_D 00001ea0
EQU  l_fetch_nop_op_SET7_store2_E 00001ea2
EQU  l_fetch_nop_op_SET7_store2_H 00001ea4
EQU  l_fetch_nop_op_SET7_store2_L 00001ea6
EQU  l_fetch_nop_op_SET7_store_nop 00001ea8
EQU  l_fetch_nop_op_SET7_store2_A 00001eaa
EQU  do_fetch_0   00000000
CSEG do_op_in     00001eac
CSEG do_op_out    00001eb6
CSEG do_op_stbc   00001ebb
CSEG do_op_stde   00001ecc
CSEG do_op_stsp   00001edd
CSEG do_op_ADCHL  00001eee
CSEG do_op_sbchl  00001f00
CSEG do_op_NEG    00001f11
CSEG do_op_RETI   00001f20
CSEG do_op_RETN   00001f20
CSEG do_op_IM0    00001f26
CSEG do_op_IM1    00001f2a
CSEG do_op_IM2    00001f2f
CSEG do_op_ldai   00001f34
CSEG op_ldar1     00001f37
CSEG do_op_ldar   00001f36
CSEG do_op_ldia   00001f40
CSEG do_op_ldra   00001f42
CSEG do_op_rld    00001f44
CSEG do_op_rrd    00001f55
CSEG op_LDxx_common 00001f66
CSEG do_op_LDI    00001f7f
CSEG do_op_LDD    00001f85
CSEG do_op_LDIR   00001f8b
CSEG do_op_LDDR   00001f8f
CSEG op_CPxx_common 00001f93
CSEG do_op_CPI    00001fa5
CSEG do_op_CPD    00001fa9
CSEG do_op_CPIR   00001fad
CSEG do_op_CPDR   00001fb4
CSEG op_INxx_common 00001fbb
CSEG do_op_INI    00001fc7
CSEG do_op_IND    00001fcb
CSEG do_op_INIR   00001fcf
CSEG do_op_INDR   00001fd4
CSEG op_OUTxx_common 00001fd9
CSEG do_op_OUTI   00001fe5
CSEG do_op_OUTD   00001fe9
CSEG do_op_OTIR   00001fed
CSEG do_op_OTDR   00001ff2
EQU  l_fetch_C_op_IN_store2_B 00001ff7
EQU  l_fetch_B_op_OUT_store_nop 00001ffa
EQU  l_fetch_BC_op_SBCHL_store_nop 00001ffc
EQU  l_fetch_DIR16_op_STBC_store_nop 00002100
EQU  l_fetch_C_op_IN_store2_C 00002103
EQU  l_fetch_C_op_OUT_store_nop 00002107
EQU  l_fetch_BC_op_ADCHL_store_nop 00002109
EQU  l_fetch_DIR16_op_RMEM16_store_BC 0000210b
EQU  l_fetch_C_op_IN_store2_D 00002111
EQU  l_fetch_D_op_OUT_store_nop 00002115
EQU  l_fetch_DE_op_SBCHL_store_nop 00002117
EQU  l_fetch_DIR16_op_STDE_store_nop 00002119
EQU  l_fetch_C_op_IN_store2_E 0000211c
EQU  l_fetch_E_op_OUT_store_nop 00002120
EQU  l_fetch_DE_op_ADCHL_store_nop 00002122
EQU  l_fetch_DIR16_op_RMEM16_store_DE 00002124
EQU  l_fetch_C_op_IN_store2_H 0000212a
EQU  l_fetch_H_op_OUT_store_nop 0000212e
EQU  l_fetch_HL_op_SBCHL_store_nop 00002130
EQU  l_fetch2_mhl_op_RRD_store_mhl 00002134
EQU  l_fetch_C_op_IN_store2_L 00002139
EQU  l_fetch_L_op_OUT_store_nop 0000213d
EQU  l_fetch_HL_op_ADCHL_store_nop 0000213f
EQU  l_fetch2_mhl_op_RLD_store_mhl 00002143
EQU  l_fetch_C_op_IN_store_nop 00002148
EQU  l_fetch_0_op_OUT_store_nop 0000214a
EQU  l_fetch_SP_op_SBCHL_store_nop 0000214c
EQU  l_fetch_DIR16_op_STSP_store_nop 0000214e
EQU  l_fetch_C_op_IN_store2_A 00002151
EQU  l_fetch_A_op_OUT_store_nop 00002155
EQU  l_fetch_SP_op_ADCHL_store_nop 00002157
EQU  l_fetch_DIR16_op_RMEM16_store_SP 00002159
CSEG vport_tbl    00002280
CSEG conStatus    000022ee
CSEG dbgOut       000022f3
CSEG uartstat     000022d5
CSEG vport_out_dummy 000022d4
CSEG uartin       000022e0
CSEG uartout      000022e7
CSEG dbg_stat     000022ff
CSEG dbg_ctrl     00002301
CSEG dbg_dump_rd  00002307
CSEG dbg_dump     00002313
CSEG version_get  0000233c
CSEG version_ctrl 00002331
CSEG vprw_start   000022b8
CSEG vprw_loop    000022bc
CSEG vprw_exit    000022d0
CSEG vprw_next    000022c5
CSEG vprw_found   000022c7
CSEG uartst_1     000022df
CSEG uartout_1    000022ed
DSEG dbg_dump_addr 00000708
CSEG dbg_dump_rdad 0000230b
CSEG dbg_dump_rdad1 00002310
CSEG dbg_dump_store 00002329
CSEG dbg_dumpl_1  0000231e
CSEG dbg_dumpl    0000231c
CSEG dbg_dump_u16 00002323
CSEG dbg_dump_e   00002328
CSEG dbg_dump_st1 0000232e
DSEG vers_cmd     0000070a
DSEG vers_pstr    0000070b
CSEG vc_e         0000233b
CSEG vc_g_e       00002355
